Component: ARM Compiler 5.06 update 5 (build 528) Tool: armlink [4d35e2]

==============================================================================

Section Cross References

    main.o(i.main) refers to misc.o(i.NVIC_PriorityGroupConfig) for NVIC_PriorityGroupConfig
    main.o(i.main) refers to usart.o(i.USART1_Configuration) for USART1_Configuration
    main.o(i.main) refers to sys.o(i.Systick_Init) for Systick_Init
    main.o(i.main) refers to os_core.o(i.OSInit) for OSInit
    main.o(i.main) refers to os_task.o(i.OSTaskCreate) for OSTaskCreate
    main.o(i.main) refers to os_core.o(i.OSStart) for OSStart
    main.o(i.main) refers to task.o(.bss) for START_TASK_STK
    main.o(i.main) refers to task.o(i.start_task) for start_task
    task.o(i.dht11_task) refers to _printf_percent.o(.ARM.Collect$$_printf_percent$$00000000) for _printf_percent
    task.o(i.dht11_task) refers to _printf_f.o(.ARM.Collect$$_printf_percent$$00000003) for _printf_f
    task.o(i.dht11_task) refers to printf1.o(x$fpl$printf1) for _printf_fp_dec
    task.o(i.dht11_task) refers to dht11.o(i.DHT11_Read_Data) for DHT11_Read_Data
    task.o(i.dht11_task) refers to f2d.o(x$fpl$f2d) for __aeabi_f2d
    task.o(i.dht11_task) refers to noretval__2printf.o(.text) for __2printf
    task.o(i.dht11_task) refers to delay.o(i.Delay1ms) for Delay1ms
    task.o(i.start_task) refers to os_core.o(i.OSStatInit) for OSStatInit
    task.o(i.start_task) refers to os_cpu_a.o(.text) for OS_CPU_SR_Save
    task.o(i.start_task) refers to os_task.o(i.OSTaskCreate) for OSTaskCreate
    task.o(i.start_task) refers to os_task.o(i.OSTaskDelReq) for OSTaskDelReq
    task.o(i.start_task) refers to os_task.o(i.OSTaskDel) for OSTaskDel
    task.o(i.start_task) refers to noretval__2printf.o(.text) for __2printf
    task.o(i.start_task) refers to task.o(.bss) for USART1_TASK_STK
    task.o(i.start_task) refers to task.o(i.usart1_task) for usart1_task
    task.o(i.start_task) refers to task.o(i.dht11_task) for dht11_task
    task.o(i.usart1_task) refers to _printf_percent.o(.ARM.Collect$$_printf_percent$$00000000) for _printf_percent
    task.o(i.usart1_task) refers to _printf_d.o(.ARM.Collect$$_printf_percent$$00000009) for _printf_d
    task.o(i.usart1_task) refers to _printf_dec.o(.text) for _printf_int_dec
    task.o(i.usart1_task) refers to noretval__2printf.o(.text) for __2printf
    task.o(i.usart1_task) refers to delay.o(i.Delay1ms) for Delay1ms
    task.o(i.usart1_task) refers to os_core.o(.data) for OSCPUUsage
    dht11.o(i.DHT11_Check) refers to dht11.o(i.DHT11_GPIO_IN) for DHT11_GPIO_IN
    dht11.o(i.DHT11_Check) refers to delay.o(i.Delay1us) for Delay1us
    dht11.o(i.DHT11_Check) refers to stm32f10x_gpio.o(i.GPIO_ReadInputDataBit) for GPIO_ReadInputDataBit
    dht11.o(i.DHT11_GPIO_IN) refers to stm32f10x_rcc.o(i.RCC_APB2PeriphClockCmd) for RCC_APB2PeriphClockCmd
    dht11.o(i.DHT11_GPIO_IN) refers to stm32f10x_gpio.o(i.GPIO_Init) for GPIO_Init
    dht11.o(i.DHT11_GPIO_OUT) refers to stm32f10x_rcc.o(i.RCC_APB2PeriphClockCmd) for RCC_APB2PeriphClockCmd
    dht11.o(i.DHT11_GPIO_OUT) refers to stm32f10x_gpio.o(i.GPIO_Init) for GPIO_Init
    dht11.o(i.DHT11_Read_Bit) refers to delay.o(i.Delay1us) for Delay1us
    dht11.o(i.DHT11_Read_Bit) refers to stm32f10x_gpio.o(i.GPIO_ReadInputDataBit) for GPIO_ReadInputDataBit
    dht11.o(i.DHT11_Read_Byte) refers to dht11.o(i.DHT11_GPIO_IN) for DHT11_GPIO_IN
    dht11.o(i.DHT11_Read_Byte) refers to dht11.o(i.DHT11_Read_Bit) for DHT11_Read_Bit
    dht11.o(i.DHT11_Read_Data) refers to dht11.o(i.DHT11_Reset) for DHT11_Reset
    dht11.o(i.DHT11_Read_Data) refers to dht11.o(i.DHT11_Check) for DHT11_Check
    dht11.o(i.DHT11_Read_Data) refers to dht11.o(i.DHT11_Read_Byte) for DHT11_Read_Byte
    dht11.o(i.DHT11_Read_Data) refers to dflt_clz.o(x$fpl$dflt) for __aeabi_i2d
    dht11.o(i.DHT11_Read_Data) refers to dmul.o(x$fpl$dmul) for __aeabi_dmul
    dht11.o(i.DHT11_Read_Data) refers to ddiv.o(x$fpl$ddiv) for __aeabi_ddiv
    dht11.o(i.DHT11_Read_Data) refers to d2f.o(x$fpl$d2f) for __aeabi_d2f
    dht11.o(i.DHT11_Reset) refers to dht11.o(i.DHT11_GPIO_OUT) for DHT11_GPIO_OUT
    dht11.o(i.DHT11_Reset) refers to stm32f10x_gpio.o(i.GPIO_SetBits) for GPIO_SetBits
    dht11.o(i.DHT11_Reset) refers to stm32f10x_gpio.o(i.GPIO_ResetBits) for GPIO_ResetBits
    dht11.o(i.DHT11_Reset) refers to delay.o(i.Delay1ms) for Delay1ms
    dht11.o(i.DHT11_Reset) refers to delay.o(i.Delay1us) for Delay1us
    delay.o(i.Delay1ms) refers to os_time.o(i.OSTimeDly) for OSTimeDly
    delay.o(i.Delay1ms) refers to delay.o(i.Delay1us) for Delay1us
    delay.o(i.Delay1ms) refers to os_core.o(.data) for OSRunning
    delay.o(i.Delay1ms) refers to sys.o(.data) for fac_ms
    delay.o(i.Delay1us) refers to sys.o(.data) for fac_us
    sys.o(i.Systick_Init) refers to system_stm32f10x.o(.data) for SystemCoreClock
    sys.o(i.Systick_Init) refers to sys.o(.data) for fac_us
[...]
    ..\UCOSII\Src\os_mbox.c                  0x00000000   Number         0  os_mbox.o ABSOLUTE
    ..\UCOSII\Src\os_mem.c                   0x00000000   Number         0  os_mem.o ABSOLUTE
    ..\UCOSII\Src\os_mutex.c                 0x00000000   Number         0  os_mutex.o ABSOLUTE
    ..\UCOSII\Src\os_q.c                     0x00000000   Number         0  os_q.o ABSOLUTE
    ..\UCOSII\Src\os_sem.c                   0x00000000   Number         0  os_sem.o ABSOLUTE
    ..\UCOSII\Src\os_task.c                  0x00000000   Number         0  os_task.o ABSOLUTE
    ..\UCOSII\Src\os_time.c                  0x00000000   Number         0  os_time.o ABSOLUTE
    ..\UCOSII\Src\os_tmr.c                   0x00000000   Number         0  os_tmr.o ABSOLUTE
    ..\UCOSII\user\os_cpu_a.asm              0x00000000   Number         0  os_cpu_a.o ABSOLUTE
    ..\UCOSII\user\os_cpu_c.c                0x00000000   Number         0  os_cpu_c.o ABSOLUTE
    ..\UCOSII\user\os_dbg.c                  0x00000000   Number         0  os_dbg.o ABSOLUTE
    ..\\CMSIS\\Src\\core_cm3.c               0x00000000   Number         0  core_cm3.o ABSOLUTE
    ..\task\Src\task.c                       0x00000000   Number         0  task.o ABSOLUTE
    dc.s                                     0x00000000   Number         0  dc.o ABSOLUTE
    main.c                                   0x00000000   Number         0  main.o ABSOLUTE
    RESET                                    0x08000000   Section      304  startup_stm32f10x_hd.o(RESET)
    !!!main                                  0x08000130   Section        8  __main.o(!!!main)
    !!!scatter                               0x08000138   Section       52  __scatter.o(!!!scatter)
    !!handler_copy                           0x0800016c   Section       26  __scatter_copy.o(!!handler_copy)
    !!handler_zi                             0x08000188   Section       28  __scatter_zi.o(!!handler_zi)
    .ARM.Collect$$_printf_percent$$00000000  0x080001a4   Section        0  _printf_percent.o(.ARM.Collect$$_printf_percent$$00000000)
    .ARM.Collect$$_printf_percent$$00000003  0x080001a4   Section        6  _printf_f.o(.ARM.Collect$$_printf_percent$$00000003)
    .ARM.Collect$$_printf_percent$$00000009  0x080001aa   Section        6  _printf_d.o(.ARM.Collect$$_printf_percent$$00000009)
    .ARM.Collect$$_printf_percent$$00000017  0x080001b0   Section        4  _printf_percent_end.o(.ARM.Collect$$_printf_percent$$00000017)
    .ARM.Collect$$libinit$$00000000          0x080001b4   Section        2  libinit.o(.ARM.Collect$$libinit$$00000000)
    .ARM.Collect$$libinit$$00000002          0x080001b6   Section        0  libinit2.o(.ARM.Collect$$libinit$$00000002)
    .ARM.Collect$$libinit$$00000004          0x080001b6   Section        0  libinit2.o(.ARM.Collect$$libinit$$00000004)
    .ARM.Collect$$libinit$$0000000A          0x080001b6   Section        0  libinit2.o(.ARM.Collect$$libinit$$0000000A)
    .ARM.Collect$$libinit$$0000000C          0x080001b6   Section        0  libinit2.o(.ARM.Collect$$libinit$$0000000C)
    .ARM.Collect$$libinit$$0000000E          0x080001b6   Section        0  libinit2.o(.ARM.Collect$$libinit$$0000000E)
    .ARM.Collect$$libinit$$0000000F          0x080001b6   Section        6  libinit2.o(.ARM.Collect$$libinit$$0000000F)
    .ARM.Collect$$libinit$$00000011          0x080001bc   Section        0  libinit2.o(.ARM.Collect$$libinit$$00000011)
    .ARM.Collect$$libinit$$00000013          0x080001bc   Section        0  libinit2.o(.ARM.Collect$$libinit$$00000013)
    .ARM.Collect$$libinit$$00000015          0x080001bc   Section        0  libinit2.o(.ARM.Collect$$libinit$$00000015)
    .ARM.Collect$$libinit$$00000016          0x080001bc   Section       10  libinit2.o(.ARM.Collect$$libinit$$00000016)
    .ARM.Collect$$libinit$$00000017          0x080001c6   Section        0  libinit2.o(.ARM.Collect$$libinit$$00000017)
    .ARM.Collect$$libinit$$00000019          0x080001c6   Section        0  libinit2.o(.ARM.Collect$$libinit$$00000019)
    .ARM.Collect$$libinit$$0000001B          0x080001c6   Section        0  libinit2.o(.ARM.Collect$$libinit$$0000001B)
    .ARM.Collect$$libinit$$0000001D          0x080001c6   Section        0  libinit2.o(.ARM.Collect$$libinit$$0000001D)
    .ARM.Collect$$libinit$$0000001F          0x080001c6   Section        0  libinit2.o(.ARM.Collect$$libinit$$0000001F)
    .ARM.Collect$$libinit$$00000021          0x080001c6   Section        0  libinit2.o(.ARM.Collect$$libinit$$00000021)
    .ARM.Collect$$libinit$$00000023          0x080001c6   Section        0  libinit2.o(.ARM.Collect$$libinit$$00000023)
    .ARM.Collect$$libinit$$00000025          0x080001c6   Section        0  libinit2.o(.ARM.Collect$$libinit$$00000025)
    .ARM.Collect$$libinit$$0000002C          0x080001c6   Section        0  libinit2.o(.ARM.Collect$$libinit$$0000002C)
    .ARM.Collect$$libinit$$0000002E          0x080001c6   Section        0  libinit2.o(.ARM.Collect$$libinit$$0000002E)
    .ARM.Collect$$libinit$$00000030          0x080001c6   Section        0  libinit2.o(.ARM.Collect$$libinit$$00000030)
    .ARM.Collect$$libinit$$00000032          0x080001c6   Section        0  libinit2.o(.ARM.Collect$$libinit$$00000032)
    .ARM.Collect$$libinit$$00000033          0x080001c6   Section        2  libinit2.o(.ARM.Collect$$libinit$$00000033)
    .ARM.Collect$$libshutdown$$00000000      0x080001c8   Section        2  libshutdown.o(.ARM.Collect$$libshutdown$$00000000)
    .ARM.Collect$$libshutdown$$00000002      0x080001ca   Section        0  libshutdown2.o(.ARM.Collect$$libshutdown$$00000002)
    .ARM.Collect$$libshutdown$$00000004      0x080001ca   Section        0  libshutdown2.o(.ARM.Collect$$libshutdown$$00000004)
    .ARM.Collect$$libshutdown$$00000007      0x080001ca   Section        0  libshutdown2.o(.ARM.Collect$$libshutdown$$00000007)
    .ARM.Collect$$libshutdown$$0000000A      0x080001ca   Section        0  libshutdown2.o(.ARM.Collect$$libshutdown$$0000000A)
    .ARM.Collect$$libshutdown$$0000000C      0x080001ca   Section        0  libshutdown2.o(.ARM.Collect$$libshutdown$$0000000C)
    .ARM.Collect$$libshutdown$$0000000F      0x080001ca   Section        0  libshutdown2.o(.ARM.Collect$$libshutdown$$0000000F)
    .ARM.Collect$$libshutdown$$00000010      0x080001ca   Section        2  libshutdown2.o(.ARM.Collect$$libshutdown$$00000010)
    .ARM.Collect$$rtentry$$00000000          0x080001cc   Section        0  __rtentry.o(.ARM.Collect$$rtentry$$00000000)
    .ARM.Collect$$rtentry$$00000002          0x080001cc   Section        0  __rtentry2.o(.ARM.Collect$$rtentry$$00000002)
    .ARM.Collect$$rtentry$$00000004          0x080001cc   Section        6  __rtentry4.o(.ARM.Collect$$rtentry$$00000004)
    .ARM.Collect$$rtentry$$00000009          0x080001d2   Section        0  __rtentry2.o(.ARM.Collect$$rtentry$$00000009)
    .ARM.Collect$$rtentry$$0000000A          0x080001d2   Section        4  __rtentry2.o(.ARM.Collect$$rtentry$$0000000A)
    .ARM.Collect$$rtentry$$0000000C          0x080001d6   Section        0  __rtentry2.o(.ARM.Collect$$rtentry$$0000000C)
    .ARM.Collect$$rtentry$$0000000D          0x080001d6   Section        8  __rtentry2.o(.ARM.Collect$$rtentry$$0000000D)
    .ARM.Collect$$rtexit$$00000000           0x080001de   Section        2  rtexit.o(.ARM.Collect$$rtexit$$00000000)
    .ARM.Collect$$rtexit$$00000002           0x080001e0   Section        0  rtexit2.o(.ARM.Collect$$rtexit$$00000002)
    .ARM.Collect$$rtexit$$00000003           0x080001e0   Section        4  rtexit2.o(.ARM.Collect$$rtexit$$00000003)
    .ARM.Collect$$rtexit$$00000004           0x080001e4   Section        6  rtexit2.o(.ARM.Collect$$rtexit$$00000004)
    .text                                    0x080001ec   Section       64  startup_stm32f10x_hd.o(.text)
    .text                                    0x0800022c   Section      168  os_cpu_a.o(.text)
    .text                                    0x080002d4   Section        2  use_no_semi_2.o(.text)
    .text                                    0x080002d8   Section        0  noretval__2printf.o(.text)
    .text                                    0x080002f0   Section        0  _printf_dec.o(.text)
    .text                                    0x08000368   Section        0  __printf_flags_wp.o(.text)
    .text                                    0x080004a0   Section        0  heapauxi.o(.text)
    .text                                    0x080004a6   Section        2  use_no_semi.o(.text)
    .text                                    0x080004a8   Section        0  _printf_intcommon.o(.text)
    .text                                    0x0800055a   Section        0  _printf_fp_dec.o(.text)
    _fp_digits                               0x0800055d   Thumb Code   432  _printf_fp_dec.o(.text)
    .text                                    0x08000978   Section        0  _printf_char_file.o(.text)
    .text                                    0x0800099c   Section        8  rt_locale_intlibspace.o(.text)
    .text                                    0x080009a4   Section      138  lludiv10.o(.text)
    .text                                    0x08000a30   Section        0  _printf_char_common.o(.text)
    _printf_input_char                       0x08000a31   Thumb Code    10  _printf_char_common.o(.text)
    .text                                    0x08000a60   Section        0  _printf_fp_infnan.o(.text)
    .text                                    0x08000ae0   Section        0  bigflt0.o(.text)
    .text                                    0x08000bc4   Section        0  ferror.o(.text)
    .text                                    0x08000bcc   Section        8  libspace.o(.text)
    .text                                    0x08000bd4   Section       74  sys_stackheap_outer.o(.text)
    .text                                    0x08000c1e   Section        0  exit.o(.text)
    .text                                    0x08000c30   Section      128  strcmpv7m.o(.text)
    CL$$btod_d2e                             0x08000cb0   Section       62  btod.o(CL$$btod_d2e)
    CL$$btod_d2e_denorm_low                  0x08000cee   Section       70  btod.o(CL$$btod_d2e_denorm_low)
    CL$$btod_d2e_norm_op1                    0x08000d34   Section       96  btod.o(CL$$btod_d2e_norm_op1)
    CL$$btod_div_common                      0x08000d94   Section      824  btod.o(CL$$btod_div_common)
    CL$$btod_e2e                             0x080010cc   Section      220  btod.o(CL$$btod_e2e)
    CL$$btod_ediv                            0x080011a8   Section       42  btod.o(CL$$btod_ediv)
    CL$$btod_emul                            0x080011d2   Section       42  btod.o(CL$$btod_emul)
    CL$$btod_mult_common                     0x080011fc   Section      580  btod.o(CL$$btod_mult_common)
    i.BusFault_Handler                       0x08001440   Section        0  stm32f10x_it.o(i.BusFault_Handler)
    i.DHT11_Check                            0x08001444   Section        0  dht11.o(i.DHT11_Check)
    i.DHT11_GPIO_IN                          0x080014a0   Section        0  dht11.o(i.DHT11_GPIO_IN)
    DHT11_GPIO_IN                            0x080014a1   Thumb Code    40  dht11.o(i.DHT11_GPIO_IN)
    i.DHT11_GPIO_OUT                         0x080014cc   Section        0  dht11.o(i.DHT11_GPIO_OUT)
    DHT11_GPIO_OUT                           0x080014cd   Thumb Code    40  dht11.o(i.DHT11_GPIO_OUT)
    i.DHT11_Read_Bit                         0x080014f8   Section        0  dht11.o(i.DHT11_Read_Bit)
    DHT11_Read_Bit                           0x080014f9   Thumb Code    90  dht11.o(i.DHT11_Read_Bit)
    i.DHT11_Read_Byte                        0x08001558   Section        0  dht11.o(i.DHT11_Read_Byte)
    DHT11_Read_Byte                          0x08001559   Thumb Code    34  dht11.o(i.DHT11_Read_Byte)
    i.DHT11_Read_Data                        0x0800157c   Section        0  dht11.o(i.DHT11_Read_Data)
    i.DHT11_Reset                            0x08001644   Section        0  dht11.o(i.DHT11_Reset)
    DHT11_Reset                              0x08001645   Thumb Code    50  dht11.o(i.DHT11_Reset)
    i.DebugMon_Handler                       0x0800167c   Section        0  stm32f10x_it.o(i.DebugMon_Handler)
    i.Delay1ms                               0x08001680   Section        0  delay.o(i.Delay1ms)
    i.Delay1us                               0x080016c8   Section        0  delay.o(i.Delay1us)
    i.EXTI4_IRQHandler                       0x08001710   Section        0  stm32f10x_it.o(i.EXTI4_IRQHandler)
    i.EXTI_ClearITPendingBit                 0x0800172c   Section        0  stm32f10x_exti.o(i.EXTI_ClearITPendingBit)
    i.EXTI_GetITStatus                       0x08001738   Section        0  stm32f10x_exti.o(i.EXTI_GetITStatus)
    i.GPIO_Init                              0x08001760   Section        0  stm32f10x_gpio.o(i.GPIO_Init)
    i.GPIO_ReadInputDataBit                  0x08001876   Section        0  stm32f10x_gpio.o(i.GPIO_ReadInputDataBit)
    i.GPIO_ResetBits                         0x08001888   Section        0  stm32f10x_gpio.o(i.GPIO_ResetBits)
    i.GPIO_SetBits                           0x0800188c   Section        0  stm32f10x_gpio.o(i.GPIO_SetBits)
    i.HardFault_Handler                      0x08001890   Section        0  stm32f10x_it.o(i.HardFault_Handler)
    i.MemManage_Handler                      0x08001894   Section        0  stm32f10x_it.o(i.MemManage_Handler)
    i.NMI_Handler                            0x08001898   Section        0  stm32f10x_it.o(i.NMI_Handler)
    i.NVIC_PriorityGroupConfig               0x0800189c   Section        0  misc.o(i.NVIC_PriorityGroupConfig)
    i.OSDebugInit                            0x080018b0   Section        0  os_dbg.o(i.OSDebugInit)
    i.OSInit                                 0x080019c8   Section        0  os_core.o(i.OSInit)
    i.OSInitHookBegin                        0x080019fc   Section        0  os_cpu_c.o(i.OSInitHookBegin)
    i.OSInitHookEnd                          0x080019fe   Section        0  os_cpu_c.o(i.OSInitHookEnd)
    i.OSIntEnter                             0x08001a00   Section        0  os_core.o(i.OSIntEnter)
    i.OSIntExit                              0x08001a24   Section        0  os_core.o(i.OSIntExit)
    i.OSStart                                0x08001ab4   Section        0  os_core.o(i.OSStart)
    i.OSStatInit                             0x08001afc   Section        0  os_core.o(i.OSStatInit)
    i.OSTCBInitHook                          0x08001b48   Section        0  os_cpu_c.o(i.OSTCBInitHook)
    i.OSTaskCreate                           0x08001b4c   Section        0  os_task.o(i.OSTaskCreate)
    i.OSTaskCreateExt                        0x08001bf4   Section        0  os_task.o(i.OSTaskCreateExt)
    i.OSTaskCreateHook                       0x08001cb4   Section        0  os_cpu_c.o(i.OSTaskCreateHook)
    i.OSTaskDel                              0x08001cb8   Section        0  os_task.o(i.OSTaskDel)
    i.OSTaskDelHook                          0x08001e24   Section        0  os_cpu_c.o(i.OSTaskDelHook)
    i.OSTaskDelReq                           0x08001e28   Section        0  os_task.o(i.OSTaskDelReq)
    i.OSTaskIdleHook                         0x08001ea0   Section        0  os_cpu_c.o(i.OSTaskIdleHook)
    i.OSTaskNameSet                          0x08001ea4   Section        0  os_task.o(i.OSTaskNameSet)
    i.OSTaskStatHook                         0x08001f28   Section        0  os_cpu_c.o(i.OSTaskStatHook)
    i.OSTaskStkChk                           0x08001f2c   Section        0  os_task.o(i.OSTaskStkChk)
    i.OSTaskStkInit                          0x08001fcc   Section        0  os_cpu_c.o(i.OSTaskStkInit)
    i.OSTaskSuspend                          0x08002068   Section        0  os_task.o(i.OSTaskSuspend)
    i.OSTaskSwHook                           0x08002124   Section        0  os_cpu_c.o(i.OSTaskSwHook)
    i.OSTimeDly                              0x08002128   Section        0  os_time.o(i.OSTimeDly)
    i.OSTimeTick                             0x080021a0   Section        0  os_core.o(i.OSTimeTick)
    i.OSTimeTickHook                         0x0800228c   Section        0  os_cpu_c.o(i.OSTimeTickHook)
    i.OS_Dummy                               0x0800228e   Section        0  os_core.o(i.OS_Dummy)
    i.OS_EventTaskRemove                     0x08002290   Section        0  os_core.o(i.OS_EventTaskRemove)
    i.OS_EventTaskRemoveMulti                0x080022ba   Section        0  os_core.o(i.OS_EventTaskRemoveMulti)
    i.OS_FlagInit                            0x080022f4   Section        0  os_flag.o(i.OS_FlagInit)
    i.OS_FlagUnlink                          0x0800234c   Section        0  os_flag.o(i.OS_FlagUnlink)
    i.OS_InitEventList                       0x08002370   Section        0  os_core.o(i.OS_InitEventList)
    OS_InitEventList                         0x08002371   Thumb Code    84  os_core.o(i.OS_InitEventList)
    i.OS_InitMisc                            0x080023d0   Section        0  os_core.o(i.OS_InitMisc)
    OS_InitMisc                              0x080023d1   Thumb Code    44  os_core.o(i.OS_InitMisc)
    i.OS_InitRdyList                         0x08002424   Section        0  os_core.o(i.OS_InitRdyList)
    OS_InitRdyList                           0x08002425   Thumb Code    44  os_core.o(i.OS_InitRdyList)
    i.OS_InitTCBList                         0x08002468   Section        0  os_core.o(i.OS_InitTCBList)
    OS_InitTCBList                           0x08002469   Thumb Code   106  os_core.o(i.OS_InitTCBList)
    i.OS_InitTaskIdle                        0x080024e8   Section        0  os_core.o(i.OS_InitTaskIdle)
    OS_InitTaskIdle                          0x080024e9   Thumb Code    50  os_core.o(i.OS_InitTaskIdle)
    i.OS_InitTaskStat                        0x08002538   Section        0  os_core.o(i.OS_InitTaskStat)
    OS_InitTaskStat                          0x08002539   Thumb Code    50  os_core.o(i.OS_InitTaskStat)
    i.OS_MemClr                              0x08002588   Section        0  os_core.o(i.OS_MemClr)
    i.OS_MemInit                             0x0800259c   Section        0  os_mem.o(i.OS_MemInit)
    i.OS_QInit                               0x080025f4   Section        0  os_q.o(i.OS_QInit)
    i.OS_Sched                               0x08002644   Section        0  os_core.o(i.OS_Sched)
    i.OS_SchedNew                            0x080026b8   Section        0  os_core.o(i.OS_SchedNew)
    OS_SchedNew                              0x080026b9   Thumb Code    26  os_core.o(i.OS_SchedNew)
    i.OS_TCBInit                             0x080026e4   Section        0  os_core.o(i.OS_TCBInit)
    i.OS_TaskIdle                            0x08002818   Section        0  os_core.o(i.OS_TaskIdle)
    i.OS_TaskStat                            0x08002840   Section        0  os_core.o(i.OS_TaskStat)
    i.OS_TaskStatStkChk                      0x080028c8   Section        0  os_core.o(i.OS_TaskStatStkChk)
    i.OS_TaskStkClr                          0x08002904   Section        0  os_task.o(i.OS_TaskStkClr)
    i.RCC_APB2PeriphClockCmd                 0x08002920   Section        0  stm32f10x_rcc.o(i.RCC_APB2PeriphClockCmd)
    i.RCC_GetClocksFreq                      0x08002940   Section        0  stm32f10x_rcc.o(i.RCC_GetClocksFreq)
    i.SVC_Handler                            0x08002a14   Section        0  stm32f10x_it.o(i.SVC_Handler)
    i.SetSysClock                            0x08002a16   Section        0  system_stm32f10x.o(i.SetSysClock)
    SetSysClock                              0x08002a17   Thumb Code     8  system_stm32f10x.o(i.SetSysClock)
    i.SetSysClockTo72                        0x08002a20   Section        0  system_stm32f10x.o(i.SetSysClockTo72)
    SetSysClockTo72                          0x08002a21   Thumb Code   214  system_stm32f10x.o(i.SetSysClockTo72)
    i.SysTick_Handler                        0x08002b00   Section        0  stm32f10x_it.o(i.SysTick_Handler)
    i.SystemInit                             0x08002b10   Section        0  system_stm32f10x.o(i.SystemInit)
    i.Systick_Init                           0x08002b70   Section        0  sys.o(i.Systick_Init)
    i.TIM2_IRQHandler                        0x08002bd0   Section        0  stm32f10x_it.o(i.TIM2_IRQHandler)
    i.TIM4_IRQHandler                        0x08002bf0   Section        0  stm32f10x_it.o(i.TIM4_IRQHandler)
    i.TIM_ClearITPendingBit                  0x08002c14   Section        0  stm32f10x_tim.o(i.TIM_ClearITPendingBit)
    i.TIM_GetITStatus                        0x08002c1a   Section        0  stm32f10x_tim.o(i.TIM_GetITStatus)
    i.USART1_Configuration                   0x08002c3c   Section        0  usart.o(i.USART1_Configuration)
    i.USART_Cmd                              0x08002ccc   Section        0  stm32f10x_usart.o(i.USART_Cmd)
    i.USART_GetFlagStatus                    0x08002ce4   Section        0  stm32f10x_usart.o(i.USART_GetFlagStatus)
    i.USART_Init                             0x08002d00   Section        0  stm32f10x_usart.o(i.USART_Init)
    i.USART_SendData                         0x08002dd8   Section        0  stm32f10x_usart.o(i.USART_SendData)
    i.UsageFault_Handler                     0x08002de0   Section        0  stm32f10x_it.o(i.UsageFault_Handler)
    i.__ARM_fpclassify                       0x08002de4   Section        0  fpclassify.o(i.__ARM_fpclassify)
    i._is_digit                              0x08002e0c   Section        0  __printf_wp.o(i._is_digit)
    i._sys_exit                              0x08002e1a   Section        0  usart.o(i._sys_exit)
    i.dht11_task                             0x08002e20   Section        0  task.o(i.dht11_task)
    i.fputc                                  0x08002edc   Section        0  usart.o(i.fputc)
    i.main                                   0x08002f00   Section        0  main.o(i.main)
    i.start_task                             0x08002f34   Section        0  task.o(i.start_task)
    i.usart1_task                            0x08002fe0   Section        0  task.o(i.usart1_task)
    locale$$code                             0x08003014   Section       44  lc_numeric_c.o(locale$$code)
    x$fpl$d2f                                0x08003040   Section       98  d2f.o(x$fpl$d2f)
    x$fpl$ddiv                               0x080030a4   Section      688  ddiv.o(x$fpl$ddiv)
    ddiv_entry                               0x080030ab   Thumb Code     0  ddiv.o(x$fpl$ddiv)
    x$fpl$dflt                               0x08003354   Section       46  dflt_clz.o(x$fpl$dflt)
    x$fpl$dmul                               0x08003384   Section      340  dmul.o(x$fpl$dmul)
    x$fpl$dnaninf                            0x080034d8   Section      156  dnaninf.o(x$fpl$dnaninf)
    x$fpl$dretinf                            0x08003574   Section       12  dretinf.o(x$fpl$dretinf)
    x$fpl$f2d                                0x08003580   Section       86  f2d.o(x$fpl$f2d)
    x$fpl$fnaninf                            0x080035d6   Section      140  fnaninf.o(x$fpl$fnaninf)
    x$fpl$fretinf                            0x08003662   Section       10  fretinf.o(x$fpl$fretinf)
    x$fpl$printf1                            0x0800366c   Section        4  printf1.o(x$fpl$printf1)
    .constdata                               0x08003670   Section      256  os_core.o(.constdata)
    x$fpl$usenofp                            0x08003670   Section        0  usenofp.o(x$fpl$usenofp)
    .constdata                               0x08003770   Section      116  os_dbg.o(.constdata)
    .constdata                               0x080037e4   Section       17  __printf_flags_wp.o(.constdata)
    maptable                                 0x080037e4   Data          17  __printf_flags_wp.o(.constdata)
    .constdata                               0x080037f8   Section      148  bigflt0.o(.constdata)
    tenpwrs_x                                0x080037f8   Data          60  bigflt0.o(.constdata)
    tenpwrs_i                                0x08003834   Data          64  bigflt0.o(.constdata)
    locale$$data                             0x080038ac   Section       28  lc_numeric_c.o(locale$$data)
    __lcnum_c_name                           0x080038b0   Data           2  lc_numeric_c.o(locale$$data)
    __lcnum_c_start                          0x080038b8   Data           0  lc_numeric_c.o(locale$$data)
    __lcnum_c_point                          0x080038c4   Data           0  lc_numeric_c.o(locale$$data)
    __lcnum_c_thousands                      0x080038c6   Data           0  lc_numeric_c.o(locale$$data)
    __lcnum_c_grouping                       0x080038c7   Data           0  lc_numeric_c.o(locale$$data)
    __lcnum_c_end                            0x080038c8   Data           0  lc_numeric_c.o(locale$$data)
    .data                                    0x20000000   Section        4  sys.o(.data)
    .data                                    0x20000004   Section        4  usart.o(.data)
    .data                                    0x20000008   Section       20  stm32f10x_rcc.o(.data)
    APBAHBPrescTable                         0x20000008   Data          16  stm32f10x_rcc.o(.data)
    ADCPrescTable                            0x20000018   Data           4  stm32f10x_rcc.o(.data)
    .data                                    0x2000001c   Section       20  system_stm32f10x.o(.data)
    .data                                    0x20000030   Section       76  os_core.o(.data)
    .bss                                     0x20000080   Section     1536  task.o(.bss)
    .bss                                     0x20000680   Section     3896  os_core.o(.bss)
    .bss                                     0x200015b8   Section       96  libspace.o(.bss)
    HEAP                                     0x20001618   Section      512  startup_stm32f10x_hd.o(HEAP)
    Heap_Mem                                 0x20001618   Data         512  startup_stm32f10x_hd.o(HEAP)
    STACK                                    0x20001818   Section     2048  startup_stm32f10x_hd.o(STACK)
    Stack_Mem                                0x20001818   Data        2048  startup_stm32f10x_hd.o(STACK)
    __initial_sp                             0x20002018   Data           0  startup_stm32f10x_hd.o(STACK)

    Global Symbols

    Symbol Name                              Value     Ov Type        Size  Object(Section)

    BuildAttributes$$THM_ISAv4$P$D$K$B$S$PE$A:L22UL41UL21$X:L11$S22US41US21$IEEE1$IW$USESV6$~STKCKD$USESV7$~SHL$OTIME$ROPI$IEEEJ$EBA8$UX$STANDARDLIB$REQ8$PRES8$EABIv2 0x00000000   Number         0  anon$$obj.o ABSOLUTE
    __ARM_use_no_argv                        0x00000000   Number         0  main.o ABSOLUTE
    _printf_flags                            0x00000000   Number         0  printf_stubs.o ABSOLUTE
    _printf_return_value                     0x00000000   Number         0  printf_stubs.o ABSOLUTE
    _printf_sizespec                         0x00000000   Number         0  printf_stubs.o ABSOLUTE
    _printf_widthprec                        0x00000000   Number         0  printf_stubs.o ABSOLUTE
    __ARM_exceptions_init                     - Undefined Weak Reference
    __alloca_initialize                       - Undefined Weak Reference
    __arm_preinit_                            - Undefined Weak Reference
    __cpp_initialize__aeabi_                  - Undefined Weak Reference
    __cxa_finalize                            - Undefined Weak Reference
    __sigvec_lookup                           - Undefined Weak Reference
    _atexit_init                              - Undefined Weak Reference
    _call_atexit_fns                          - Undefined Weak Reference
    _clock_init                               - Undefined Weak Reference
    _fp_trap_init                             - Undefined Weak Reference
    _fp_trap_shutdown                         - Undefined Weak Reference
    _get_lc_collate                           - Undefined Weak Reference
    _get_lc_ctype                             - Undefined Weak Reference
    _get_lc_monetary                          - Undefined Weak Reference
    _get_lc_time                              - Undefined Weak Reference
    _getenv_init                              - Undefined Weak Reference
    _handle_redirection                       - Undefined Weak Reference
    _init_alloc                               - Undefined Weak Reference
    _init_user_alloc                          - Undefined Weak Reference
    _initio                                   - Undefined Weak Reference
    _mutex_acquire                            - Undefined Weak Reference
    _mutex_release                            - Undefined Weak Reference
    _printf_post_padding                      - Undefined Weak Reference
    _printf_pre_padding                       - Undefined Weak Reference
    _printf_truncate_signed                   - Undefined Weak Reference
    _printf_truncate_unsigned                 - Undefined Weak Reference
    _rand_init                                - Undefined Weak Reference
    _signal_finish                            - Undefined Weak Reference
    _signal_init                              - Undefined Weak Reference
    _terminate_alloc                          - Undefined Weak Reference
    _terminate_user_alloc                     - Undefined Weak Reference
    _terminateio                              - Undefined Weak Reference
    __Vectors_Size                           0x00000130   Number         0  startup_stm32f10x_hd.o ABSOLUTE
    __Vectors                                0x08000000   Data           4  startup_stm32f10x_hd.o(RESET)
    __Vectors_End                            0x08000130   Data           0  startup_stm32f10x_hd.o(RESET)
    __main                                   0x08000131   Thumb Code     8  __main.o(!!!main)
    __scatterload                            0x08000139   Thumb Code     0  __scatter.o(!!!scatter)
    __scatterload_rt2                        0x08000139   Thumb Code    44  __scatter.o(!!!scatter)
    __scatterload_rt2_thumb_only             0x08000139   Thumb Code     0  __scatter.o(!!!scatter)
    __scatterload_null                       0x08000147   Thumb Code     0  __scatter.o(!!!scatter)
    __scatterload_copy                       0x0800016d   Thumb Code    26  __scatter_copy.o(!!handler_copy)
    __scatterload_zeroinit                   0x08000189   Thumb Code    28  __scatter_zi.o(!!handler_zi)
    _printf_f                                0x080001a5   Thumb Code     0  _printf_f.o(.ARM.Collect$$_printf_percent$$00000003)
    _printf_percent                          0x080001a5   Thumb Code     0  _printf_percent.o(.ARM.Collect$$_printf_percent$$00000000)
    _printf_d                                0x080001ab   Thumb Code     0  _printf_d.o(.ARM.Collect$$_printf_percent$$00000009)
    _printf_percent_end                      0x080001b1   Thumb Code     0  _printf_percent_end.o(.ARM.Collect$$_printf_percent$$00000017)
    __rt_lib_init                            0x080001b5   Thumb Code     0  libinit.o(.ARM.Collect$$libinit$$00000000)
    __rt_lib_init_fp_1                       0x080001b7   Thumb Code     0  libinit2.o(.ARM.Collect$$libinit$$00000002)
    __rt_lib_init_heap_1                     0x080001b7   Thumb Code     0  libinit2.o(.ARM.Collect$$libinit$$0000000A)
    __rt_lib_init_lc_common                  0x080001b7   Thumb Code     0  libinit2.o(.ARM.Collect$$libinit$$0000000F)
    __rt_lib_init_preinit_1                  0x080001b7   Thumb Code     0  libinit2.o(.ARM.Collect$$libinit$$00000004)
    __rt_lib_init_rand_1                     0x080001b7   Thumb Code     0  libinit2.o(.ARM.Collect$$libinit$$0000000E)
    __rt_lib_init_user_alloc_1               0x080001b7   Thumb Code     0  libinit2.o(.ARM.Collect$$libinit$$0000000C)
    __rt_lib_init_lc_collate_1               0x080001bd   Thumb Code     0  libinit2.o(.ARM.Collect$$libinit$$00000011)
    __rt_lib_init_lc_ctype_1                 0x080001bd   Thumb Code     0  libinit2.o(.ARM.Collect$$libinit$$00000013)
    __rt_lib_init_lc_monetary_1              0x080001bd   Thumb Code     0  libinit2.o(.ARM.Collect$$libinit$$00000015)
    __rt_lib_init_lc_numeric_2               0x080001bd   Thumb Code     0  libinit2.o(.ARM.Collect$$libinit$$00000016)
    __rt_lib_init_alloca_1                   0x080001c7   Thumb Code     0  libinit2.o(.ARM.Collect$$libinit$$0000002E)
    __rt_lib_init_argv_1                     0x080001c7   Thumb Code     0  libinit2.o(.ARM.Collect$$libinit$$0000002C)
    __rt_lib_init_atexit_1                   0x080001c7   Thumb Code     0  libinit2.o(.ARM.Collect$$libinit$$0000001B)
    __rt_lib_init_clock_1                    0x080001c7   Thumb Code     0  libinit2.o(.ARM.Collect$$libinit$$00000021)
    __rt_lib_init_cpp_1                      0x080001c7   Thumb Code     0  libinit2.o(.ARM.Collect$$libinit$$00000032)
    __rt_lib_init_exceptions_1               0x080001c7   Thumb Code     0  libinit2.o(.ARM.Collect$$libinit$$00000030)
    __rt_lib_init_fp_trap_1                  0x080001c7   Thumb Code     0  libinit2.o(.ARM.Collect$$libinit$$0000001F)
    __rt_lib_init_getenv_1                   0x080001c7   Thumb Code     0  libinit2.o(.ARM.Collect$$libinit$$00000023)
    __rt_lib_init_lc_numeric_1               0x080001c7   Thumb Code     0  libinit2.o(.ARM.Collect$$libinit$$00000017)
    __rt_lib_init_lc_time_1                  0x080001c7   Thumb Code     0  libinit2.o(.ARM.Collect$$libinit$$00000019)
    __rt_lib_init_return                     0x080001c7   Thumb Code     0  libinit2.o(.ARM.Collect$$libinit$$00000033)
    __rt_lib_init_signal_1                   0x080001c7   Thumb Code     0  libinit2.o(.ARM.Collect$$libinit$$0000001D)
    __rt_lib_init_stdio_1                    0x080001c7   Thumb Code     0  libinit2.o(.ARM.Collect$$libinit$$00000025)
    __rt_lib_shutdown                        0x080001c9   Thumb Code     0  libshutdown.o(.ARM.Collect$$libshutdown$$00000000)
    __rt_lib_shutdown_cpp_1                  0x080001cb   Thumb Code     0  libshutdown2.o(.ARM.Collect$$libshutdown$$00000002)
    __rt_lib_shutdown_fp_trap_1              0x080001cb   Thumb Code     0  libshutdown2.o(.ARM.Collect$$libshutdown$$00000007)
    __rt_lib_shutdown_heap_1                 0x080001cb   Thumb Code     0  libshutdown2.o(.ARM.Collect$$libshutdown$$0000000F)
    __rt_lib_shutdown_return                 0x080001cb   Thumb Code     0  libshutdown2.o(.ARM.Collect$$libshutdown$$00000010)
    __rt_lib_shutdown_signal_1               0x080001cb   Thumb Code     0  libshutdown2.o(.ARM.Collect$$libshutdown$$0000000A)
    __rt_lib_shutdown_stdio_1                0x080001cb   Thumb Code     0  libshutdown2.o(.ARM.Collect$$libshutdown$$00000004)
    __rt_lib_shutdown_user_alloc_1           0x080001cb   Thumb Code     0  libshutdown2.o(.ARM.Collect$$libshutdown$$0000000C)
    __rt_entry                               0x080001cd   Thumb Code     0  __rtentry.o(.ARM.Collect$$rtentry$$00000000)
    __rt_entry_presh_1                       0x080001cd   Thumb Code     0  __rtentry2.o(.ARM.Collect$$rtentry$$00000002)
    __rt_entry_sh                            0x080001cd   Thumb Code     0  __rtentry4.o(.ARM.Collect$$rtentry$$00000004)
    __rt_entry_li                            0x080001d3   Thumb Code     0  __rtentry2.o(.ARM.Collect$$rtentry$$0000000A)
    __rt_entry_postsh_1                      0x080001d3   Thumb Code     0  __rtentry2.o(.ARM.Collect$$rtentry$$00000009)
    __rt_entry_main                          0x080001d7   Thumb Code     0  __rtentry2.o(.ARM.Collect$$rtentry$$0000000D)
    __rt_entry_postli_1                      0x080001d7   Thumb Code     0  __rtentry2.o(.ARM.Collect$$rtentry$$0000000C)
    __rt_exit                                0x080001df   Thumb Code     0  rtexit.o(.ARM.Collect$$rtexit$$00000000)
    __rt_exit_ls                             0x080001e1   Thumb Code     0  rtexit2.o(.ARM.Collect$$rtexit$$00000003)
    __rt_exit_prels_1                        0x080001e1   Thumb Code     0  rtexit2.o(.ARM.Collect$$rtexit$$00000002)
    __rt_exit_exit                           0x080001e5   Thumb Code     0  rtexit2.o(.ARM.Collect$$rtexit$$00000004)
    Reset_Handler                            0x080001ed   Thumb Code     8  startup_stm32f10x_hd.o(.text)
    ADC1_2_IRQHandler                        0x08000207   Thumb Code     0  startup_stm32f10x_hd.o(.text)
    ADC3_IRQHandler                          0x08000207   Thumb Code     0  startup_stm32f10x_hd.o(.text)
    CAN1_RX1_IRQHandler                      0x08000207   Thumb Code     0  startup_stm32f10x_hd.o(.text)
    CAN1_SCE_IRQHandler                      0x08000207   Thumb Code     0  startup_stm32f10x_hd.o(.text)
    DMA1_Channel1_IRQHandler                 0x08000207   Thumb Code     0  startup_stm32f10x_hd.o(.text)
    DMA1_Channel2_IRQHandler                 0x08000207   Thumb Code     0  startup_stm32f10x_hd.o(.text)
    DMA1_Channel3_IRQHandler                 0x08000207   Thumb Code     0  startup_stm32f10x_hd.o(.text)
    DMA1_Channel4_IRQHandler                 0x08000207   Thumb Code     0  startup_stm32f10x_hd.o(.text)
    DMA1_Channel5_IRQHandler                 0x08000207   Thumb Code     0  startup_stm32f10x_hd.o(.text)
    DMA1_Channel6_IRQHandler                 0x08000207   Thumb Code     0  startup_stm32f10x_hd.o(.text)
    DMA1_Channel7_IRQHandler                 0x08000207   Thumb Code     0  startup_stm32f10x_hd.o(.text)
    DMA2_Channel1_IRQHandler                 0x08000207   Thumb Code     0  startup_stm32f10x_hd.o(.text)
    DMA2_Channel2_IRQHandler                 0x08000207   Thumb Code     0  startup_stm32f10x_hd.o(.text)
    DMA2_Channel3_IRQHandler                 0x08000207   Thumb Code     0  startup_stm32f10x_hd.o(.text)
    DMA2_Channel4_5_IRQHandler               0x08000207   Thumb Code     0  startup_stm32f10x_hd.o(.text)
    EXTI0_IRQHandler                         0x08000207   Thumb Code     0  startup_stm32f10x_hd.o(.text)
    EXTI15_10_IRQHandler                     0x08000207   Thumb Code     0  startup_stm32f10x_hd.o(.text)
    EXTI1_IRQHandler                         0x08000207   Thumb Code     0  startup_stm32f10x_hd.o(.text)
    EXTI2_IRQHandler                         0x08000207   Thumb Code     0  startup_stm32f10x_hd.o(.text)
    EXTI3_IRQHandler                         0x08000207   Thumb Code     0  startup_stm32f10x_hd.o(.text)
    EXTI9_5_IRQHandler                       0x08000207   Thumb Code     0  startup_stm32f10x_hd.o(.text)
    FLASH_IRQHandler                         0x08000207   Thumb Code     0  startup_stm32f10x_hd.o(.text)
    FSMC_IRQHandler                          0x08000207   Thumb Code     0  startup_stm32f10x_hd.o(.text)
    I2C1_ER_IRQHandler                       0x08000207   Thumb Code     0  startup_stm32f10x_hd.o(.text)
    I2C1_EV_IRQHandler                       0x08000207   Thumb Code     0  startup_stm32f10x_hd.o(.text)
    I2C2_ER_IRQHandler                       0x08000207   Thumb Code     0  startup_stm32f10x_hd.o(.text)
    I2C2_EV_IRQHandler                       0x08000207   Thumb Code     0  startup_stm32f10x_hd.o(.text)
    PVD_IRQHandler                           0x08000207   Thumb Code     0  startup_stm32f10x_hd.o(.text)
    RCC_IRQHandler                           0x08000207   Thumb Code     0  startup_stm32f10x_hd.o(.text)
    RTCAlarm_IRQHandler                      0x08000207   Thumb Code     0  startup_stm32f10x_hd.o(.text)
    RTC_IRQHandler                           0x08000207   Thumb Code     0  startup_stm32f10x_hd.o(.text)
    SDIO_IRQHandler                          0x08000207   Thumb Code     0  startup_stm32f10x_hd.o(.text)
    SPI1_IRQHandler                          0x08000207   Thumb Code     0  startup_stm32f10x_hd.o(.text)
    SPI2_IRQHandler                          0x08000207   Thumb Code     0  startup_stm32f10x_hd.o(.text)
    SPI3_IRQHandler                          0x08000207   Thumb Code     0  startup_stm32f10x_hd.o(.text)
    TAMPER_IRQHandler                        0x08000207   Thumb Code     0  startup_stm32f10x_hd.o(.text)
    TIM1_BRK_IRQHandler                      0x08000207   Thumb Code     0  startup_stm32f10x_hd.o(.text)
    TIM1_CC_IRQHandler                       0x08000207   Thumb Code     0  startup_stm32f10x_hd.o(.text)
    TIM1_TRG_COM_IRQHandler                  0x08000207   Thumb Code     0  startup_stm32f10x_hd.o(.text)
    TIM1_UP_IRQHandler                       0x08000207   Thumb Code     0  startup_stm32f10x_hd.o(.text)
    TIM3_IRQHandler                          0x08000207   Thumb Code     0  startup_stm32f10x_hd.o(.text)
    TIM5_IRQHandler                          0x08000207   Thumb Code     0  startup_stm32f10x_hd.o(.text)
    TIM6_IRQHandler                          0x08000207   Thumb Code     0  startup_stm32f10x_hd.o(.text)
    TIM7_IRQHandler                          0x08000207   Thumb Code     0  startup_stm32f10x_hd.o(.text)
    TIM8_BRK_IRQHandler                      0x08000207   Thumb Code     0  startup_stm32f10x_hd.o(.text)
    TIM8_CC_IRQHandler                       0x08000207   Thumb Code     0  startup_stm32f10x_hd.o(.text)
    TIM8_TRG_COM_IRQHandler                  0x08000207   Thumb Code     0  startup_stm32f10x_hd.o(.text)
    TIM8_UP_IRQHandler                       0x08000207   Thumb Code     0  startup_stm32f10x_hd.o(.text)
    UART4_IRQHandler                         0x08000207   Thumb Code     0  startup_stm32f10x_hd.o(.text)
    UART5_IRQHandler                         0x08000207   Thumb Code     0  startup_stm32f10x_hd.o(.text)
    USART1_IRQHandler                        0x08000207   Thumb Code     0  startup_stm32f10x_hd.o(.text)
    USART2_IRQHandler                        0x08000207   Thumb Code     0  startup_stm32f10x_hd.o(.text)
    USART3_IRQHandler                        0x08000207   Thumb Code     0  startup_stm32f10x_hd.o(.text)
    USBWakeUp_IRQHandler                     0x08000207   Thumb Code     0  startup_stm32f10x_hd.o(.text)
    USB_HP_CAN1_TX_IRQHandler                0x08000207   Thumb Code     0  startup_stm32f10x_hd.o(.text)
    USB_LP_CAN1_RX0_IRQHandler               0x08000207   Thumb Code     0  startup_stm32f10x_hd.o(.text)
    WWDG_IRQHandler                          0x08000207   Thumb Code     0  startup_stm32f10x_hd.o(.text)
    __user_initial_stackheap                 0x08000209   Thumb Code     0  startup_stm32f10x_hd.o(.text)
    OS_CPU_SR_Save                           0x0800022d   Thumb Code     0  os_cpu_a.o(.text)
    OS_CPU_SR_Restore                        0x08000235   Thumb Code     0  os_cpu_a.o(.text)
    OSStartHighRdy                           0x0800023b   Thumb Code     0  os_cpu_a.o(.text)
    OSCtxSw                                  0x08000259   Thumb Code     0  os_cpu_a.o(.text)
    OSIntCtxSw                               0x08000263   Thumb Code     0  os_cpu_a.o(.text)
    PendSV_Handler                           0x0800026d   Thumb Code     0  os_cpu_a.o(.text)
    __use_no_semihosting                     0x080002d5   Thumb Code     2  use_no_semi_2.o(.text)
    __2printf                                0x080002d9   Thumb Code    20  noretval__2printf.o(.text)
    _printf_int_dec                          0x080002f1   Thumb Code   104  _printf_dec.o(.text)
    __printf                                 0x08000369   Thumb Code   308  __printf_flags_wp.o(.text)
    __use_two_region_memory                  0x080004a1   Thumb Code     2  heapauxi.o(.text)
    __rt_heap_escrow$2region                 0x080004a3   Thumb Code     2  heapauxi.o(.text)
    __rt_heap_expand$2region                 0x080004a5   Thumb Code     2  heapauxi.o(.text)
    __I$use$semihosting                      0x080004a7   Thumb Code     0  use_no_semi.o(.text)
    __use_no_semihosting_swi                 0x080004a7   Thumb Code     2  use_no_semi.o(.text)
    _printf_int_common                       0x080004a9   Thumb Code   178  _printf_intcommon.o(.text)
    __lib_sel_fp_printf                      0x0800055b   Thumb Code     2  _printf_fp_dec.o(.text)
    _printf_fp_dec_real                      0x0800070d   Thumb Code   620  _printf_fp_dec.o(.text)
    _printf_char_file                        0x08000979   Thumb Code    32  _printf_char_file.o(.text)
    __rt_locale                              0x0800099d   Thumb Code     8  rt_locale_intlibspace.o(.text)
    _ll_udiv10                               0x080009a5   Thumb Code   138  lludiv10.o(.text)
    _printf_char_common                      0x08000a3b   Thumb Code    32  _printf_char_common.o(.text)
    _printf_fp_infnan                        0x08000a61   Thumb Code   112  _printf_fp_infnan.o(.text)
    _btod_etento                             0x08000ae1   Thumb Code   224  bigflt0.o(.text)
    ferror                                   0x08000bc5   Thumb Code     8  ferror.o(.text)
    __user_libspace                          0x08000bcd   Thumb Code     8  libspace.o(.text)
    __user_perproc_libspace                  0x08000bcd   Thumb Code     0  libspace.o(.text)
    __user_perthread_libspace                0x08000bcd   Thumb Code     0  libspace.o(.text)
    __user_setup_stackheap                   0x08000bd5   Thumb Code    74  sys_stackheap_outer.o(.text)
    exit                                     0x08000c1f   Thumb Code    18  exit.o(.text)
    strcmp                                   0x08000c31   Thumb Code   128  strcmpv7m.o(.text)
    _btod_d2e                                0x08000cb1   Thumb Code    62  btod.o(CL$$btod_d2e)
    _d2e_denorm_low                          0x08000cef   Thumb Code    70  btod.o(CL$$btod_d2e_denorm_low)
    _d2e_norm_op1                            0x08000d35   Thumb Code    96  btod.o(CL$$btod_d2e_norm_op1)
    __btod_div_common                        0x08000d95   Thumb Code   696  btod.o(CL$$btod_div_common)
    _e2e                                     0x080010cd   Thumb Code   220  btod.o(CL$$btod_e2e)
    _btod_ediv                               0x080011a9   Thumb Code    42  btod.o(CL$$btod_ediv)
    _btod_emul                               0x080011d3   Thumb Code    42  btod.o(CL$$btod_emul)
    __btod_mult_common                       0x080011fd   Thumb Code   580  btod.o(CL$$btod_mult_common)
    BusFault_Handler                         0x08001441   Thumb Code     4  stm32f10x_it.o(i.BusFault_Handler)
    DHT11_Check                              0x08001445   Thumb Code    88  dht11.o(i.DHT11_Check)
    DHT11_Read_Data                          0x0800157d   Thumb Code   192  dht11.o(i.DHT11_Read_Data)
    DebugMon_Handler                         0x0800167d   Thumb Code     2  stm32f10x_it.o(i.DebugMon_Handler)
    Delay1ms                                 0x08001681   Thumb Code    62  delay.o(i.Delay1ms)
    Delay1us                                 0x080016c9   Thumb Code    68  delay.o(i.Delay1us)
    EXTI4_IRQHandler                         0x08001711   Thumb Code    28  stm32f10x_it.o(i.EXTI4_IRQHandler)
    EXTI_ClearITPendingBit                   0x0800172d   Thumb Code     6  stm32f10x_exti.o(i.EXTI_ClearITPendingBit)
    EXTI_GetITStatus                         0x08001739   Thumb Code    34  stm32f10x_exti.o(i.EXTI_GetITStatus)
    GPIO_Init                                0x08001761   Thumb Code   278  stm32f10x_gpio.o(i.GPIO_Init)
    GPIO_ReadInputDataBit                    0x08001877   Thumb Code    18  stm32f10x_gpio.o(i.GPIO_ReadInputDataBit)
    GPIO_ResetBits                           0x08001889   Thumb Code     4  stm32f10x_gpio.o(i.GPIO_ResetBits)
    GPIO_SetBits                             0x0800188d   Thumb Code     4  stm32f10x_gpio.o(i.GPIO_SetBits)
    HardFault_Handler                        0x08001891   Thumb Code     4  stm32f10x_it.o(i.HardFault_Handler)
    MemManage_Handler                        0x08001895   Thumb Code     4  stm32f10x_it.o(i.MemManage_Handler)
    NMI_Handler                              0x08001899   Thumb Code     2  stm32f10x_it.o(i.NMI_Handler)
    NVIC_PriorityGroupConfig                 0x0800189d   Thumb Code    10  misc.o(i.NVIC_PriorityGroupConfig)
    OSDebugInit                              0x080018b1   Thumb Code    96  os_dbg.o(i.OSDebugInit)
    OSInit                                   0x080019c9   Thumb Code    52  os_core.o(i.OSInit)
    OSInitHookBegin                          0x080019fd   Thumb Code     2  os_cpu_c.o(i.OSInitHookBegin)
    OSInitHookEnd                            0x080019ff   Thumb Code     2  os_cpu_c.o(i.OSInitHookEnd)
    OSIntEnter                               0x08001a01   Thumb Code    28  os_core.o(i.OSIntEnter)
    OSIntExit                                0x08001a25   Thumb Code   112  os_core.o(i.OSIntExit)
    OSStart                                  0x08001ab5   Thumb Code    48  os_core.o(i.OSStart)
    OSStatInit                               0x08001afd   Thumb Code    62  os_core.o(i.OSStatInit)
    OSTCBInitHook                            0x08001b49   Thumb Code     2  os_cpu_c.o(i.OSTCBInitHook)
    OSTaskCreate                             0x08001b4d   Thumb Code   156  os_task.o(i.OSTaskCreate)
    OSTaskCreateExt                          0x08001bf5   Thumb Code   178  os_task.o(i.OSTaskCreateExt)
    OSTaskCreateHook                         0x08001cb5   Thumb Code     2  os_cpu_c.o(i.OSTaskCreateHook)
    OSTaskDel                                0x08001cb9   Thumb Code   318  os_task.o(i.OSTaskDel)
    OSTaskDelHook                            0x08001e25   Thumb Code     2  os_cpu_c.o(i.OSTaskDelHook)
    OSTaskDelReq                             0x08001e29   Thumb Code   112  os_task.o(i.OSTaskDelReq)
    OSTaskIdleHook                           0x08001ea1   Thumb Code     2  os_cpu_c.o(i.OSTaskIdleHook)
    OSTaskNameSet                            0x08001ea5   Thumb Code   120  os_task.o(i.OSTaskNameSet)
    OSTaskStatHook                           0x08001f29   Thumb Code     2  os_cpu_c.o(i.OSTaskStatHook)
    OSTaskStkChk                             0x08001f2d   Thumb Code   150  os_task.o(i.OSTaskStkChk)
    OSTaskStkInit                            0x08001fcd   Thumb Code   154  os_cpu_c.o(i.OSTaskStkInit)
    OSTaskSuspend                            0x08002069   Thumb Code   172  os_task.o(i.OSTaskSuspend)
    OSTaskSwHook                             0x08002125   Thumb Code     2  os_cpu_c.o(i.OSTaskSwHook)
    OSTimeDly                                0x08002129   Thumb Code   100  os_time.o(i.OSTimeDly)
    OSTimeTick                               0x080021a1   Thumb Code   210  os_core.o(i.OSTimeTick)
    OSTimeTickHook                           0x0800228d   Thumb Code     2  os_cpu_c.o(i.OSTimeTickHook)
    OS_Dummy                                 0x0800228f   Thumb Code     2  os_core.o(i.OS_Dummy)
    OS_EventTaskRemove                       0x08002291   Thumb Code    42  os_core.o(i.OS_EventTaskRemove)
    OS_EventTaskRemoveMulti                  0x080022bb   Thumb Code    58  os_core.o(i.OS_EventTaskRemoveMulti)
    OS_FlagInit                              0x080022f5   Thumb Code    74  os_flag.o(i.OS_FlagInit)
    OS_FlagUnlink                            0x0800234d   Thumb Code    36  os_flag.o(i.OS_FlagUnlink)
    OS_MemClr                                0x08002589   Thumb Code    18  os_core.o(i.OS_MemClr)
    OS_MemInit                               0x0800259d   Thumb Code    74  os_mem.o(i.OS_MemInit)
    OS_QInit                                 0x080025f5   Thumb Code    72  os_q.o(i.OS_QInit)
    OS_Sched                                 0x08002645   Thumb Code    88  os_core.o(i.OS_Sched)
    OS_TCBInit                               0x080026e5   Thumb Code   280  os_core.o(i.OS_TCBInit)
    OS_TaskIdle                              0x08002819   Thumb Code    34  os_core.o(i.OS_TaskIdle)
    OS_TaskStat                              0x08002841   Thumb Code   116  os_core.o(i.OS_TaskStat)
    OS_TaskStatStkChk                        0x080028c9   Thumb Code    54  os_core.o(i.OS_TaskStatStkChk)
    OS_TaskStkClr                            0x08002905   Thumb Code    26  os_task.o(i.OS_TaskStkClr)
    RCC_APB2PeriphClockCmd                   0x08002921   Thumb Code    26  stm32f10x_rcc.o(i.RCC_APB2PeriphClockCmd)
    RCC_GetClocksFreq                        0x08002941   Thumb Code   192  stm32f10x_rcc.o(i.RCC_GetClocksFreq)
    SVC_Handler                              0x08002a15   Thumb Code     2  stm32f10x_it.o(i.SVC_Handler)
    SysTick_Handler                          0x08002b01   Thumb Code    16  stm32f10x_it.o(i.SysTick_Handler)
    SystemInit                               0x08002b11   Thumb Code    78  system_stm32f10x.o(i.SystemInit)
    Systick_Init                             0x08002b71   Thumb Code    78  sys.o(i.Systick_Init)
    TIM2_IRQHandler                          0x08002bd1   Thumb Code    32  stm32f10x_it.o(i.TIM2_IRQHandler)
    TIM4_IRQHandler                          0x08002bf1   Thumb Code    32  stm32f10x_it.o(i.TIM4_IRQHandler)
    TIM_ClearITPendingBit                    0x08002c15   Thumb Code     6  stm32f10x_tim.o(i.TIM_ClearITPendingBit)
    TIM_GetITStatus                          0x08002c1b   Thumb Code    34  stm32f10x_tim.o(i.TIM_GetITStatus)
    USART1_Configuration                     0x08002c3d   Thumb Code   134  usart.o(i.USART1_Configuration)
    USART_Cmd                                0x08002ccd   Thumb Code    24  stm32f10x_usart.o(i.USART_Cmd)
    USART_GetFlagStatus                      0x08002ce5   Thumb Code    26  stm32f10x_usart.o(i.USART_GetFlagStatus)
    USART_Init                               0x08002d01   Thumb Code   210  stm32f10x_usart.o(i.USART_Init)
    USART_SendData                           0x08002dd9   Thumb Code     8  stm32f10x_usart.o(i.USART_SendData)
    UsageFault_Handler                       0x08002de1   Thumb Code     4  stm32f10x_it.o(i.UsageFault_Handler)
    __ARM_fpclassify                         0x08002de5   Thumb Code    40  fpclassify.o(i.__ARM_fpclassify)
    _is_digit                                0x08002e0d   Thumb Code    14  __printf_wp.o(i._is_digit)
    _sys_exit                                0x08002e1b   Thumb Code     4  usart.o(i._sys_exit)
    dht11_task                               0x08002e21   Thumb Code    82  task.o(i.dht11_task)
    fputc                                    0x08002edd   Thumb Code    32  usart.o(i.fputc)
    main                                     0x08002f01   Thumb Code    42  main.o(i.main)
    start_task                               0x08002f35   Thumb Code    90  task.o(i.start_task)
    usart1_task                              0x08002fe1   Thumb Code    22  task.o(i.usart1_task)
    _get_lc_numeric                          0x08003015   Thumb Code    44  lc_numeric_c.o(locale$$code)
    __aeabi_d2f                              0x08003041   Thumb Code     0  d2f.o(x$fpl$d2f)
    _d2f                                     0x08003041   Thumb Code    98  d2f.o(x$fpl$d2f)
    __aeabi_ddiv                             0x080030a5   Thumb Code     0  ddiv.o(x$fpl$ddiv)
    _ddiv                                    0x080030a5   Thumb Code   552  ddiv.o(x$fpl$ddiv)
    __aeabi_i2d                              0x08003355   Thumb Code     0  dflt_clz.o(x$fpl$dflt)
    _dflt                                    0x08003355   Thumb Code    46  dflt_clz.o(x$fpl$dflt)
    __aeabi_dmul                             0x08003385   Thumb Code     0  dmul.o(x$fpl$dmul)
    _dmul                                    0x08003385   Thumb Code   332  dmul.o(x$fpl$dmul)
    __fpl_dnaninf                            0x080034d9   Thumb Code   156  dnaninf.o(x$fpl$dnaninf)
    __fpl_dretinf                            0x08003575   Thumb Code    12  dretinf.o(x$fpl$dretinf)
    __aeabi_f2d                              0x08003581   Thumb Code     0  f2d.o(x$fpl$f2d)
    _f2d                                     0x08003581   Thumb Code    86  f2d.o(x$fpl$f2d)
    __fpl_fnaninf                            0x080035d7   Thumb Code   140  fnaninf.o(x$fpl$fnaninf)
    __fpl_fretinf                            0x08003663   Thumb Code    10  fretinf.o(x$fpl$fretinf)
    _printf_fp_dec                           0x0800366d   Thumb Code     4  printf1.o(x$fpl$printf1)
    OSUnMapTbl                               0x08003670   Data         256  os_core.o(.constdata)
    __I$use$fp                               0x08003670   Number         0  usenofp.o(x$fpl$usenofp)
    OSDebugEn                                0x08003770   Data           2  os_dbg.o(.constdata)
    OSEndiannessTest                         0x08003774   Data           4  os_dbg.o(.constdata)
    OSEventEn                                0x08003778   Data           2  os_dbg.o(.constdata)
    OSEventMax                               0x0800377a   Data           2  os_dbg.o(.constdata)
    OSEventNameEn                            0x0800377c   Data           2  os_dbg.o(.constdata)
    OSEventSize                              0x0800377e   Data           2  os_dbg.o(.constdata)
    OSEventTblSize                           0x08003780   Data           2  os_dbg.o(.constdata)
    OSEventMultiEn                           0x08003782   Data           2  os_dbg.o(.constdata)
    OSFlagEn                                 0x08003784   Data           2  os_dbg.o(.constdata)
    OSFlagGrpSize                            0x08003786   Data           2  os_dbg.o(.constdata)
    OSFlagNodeSize                           0x08003788   Data           2  os_dbg.o(.constdata)
    OSFlagWidth                              0x0800378a   Data           2  os_dbg.o(.constdata)
    OSFlagMax                                0x0800378c   Data           2  os_dbg.o(.constdata)
    OSFlagNameEn                             0x0800378e   Data           2  os_dbg.o(.constdata)
    OSLowestPrio                             0x08003790   Data           2  os_dbg.o(.constdata)
    OSMboxEn                                 0x08003792   Data           2  os_dbg.o(.constdata)
    OSMemEn                                  0x08003794   Data           2  os_dbg.o(.constdata)
    OSMemMax                                 0x08003796   Data           2  os_dbg.o(.constdata)
    OSMemNameEn                              0x08003798   Data           2  os_dbg.o(.constdata)
    OSMemSize                                0x0800379a   Data           2  os_dbg.o(.constdata)
    OSMemTblSize                             0x0800379c   Data           2  os_dbg.o(.constdata)
    OSMutexEn                                0x0800379e   Data           2  os_dbg.o(.constdata)
    OSPtrSize                                0x080037a0   Data           2  os_dbg.o(.constdata)
    OSQEn                                    0x080037a2   Data           2  os_dbg.o(.constdata)
    OSQMax                                   0x080037a4   Data           2  os_dbg.o(.constdata)
    OSQSize                                  0x080037a6   Data           2  os_dbg.o(.constdata)
    OSRdyTblSize                             0x080037a8   Data           2  os_dbg.o(.constdata)
    OSSemEn                                  0x080037aa   Data           2  os_dbg.o(.constdata)
    OSStkWidth                               0x080037ac   Data           2  os_dbg.o(.constdata)
    OSTaskCreateEn                           0x080037ae   Data           2  os_dbg.o(.constdata)
    OSTaskCreateExtEn                        0x080037b0   Data           2  os_dbg.o(.constdata)
    OSTaskDelEn                              0x080037b2   Data           2  os_dbg.o(.constdata)
    OSTaskIdleStkSize                        0x080037b4   Data           2  os_dbg.o(.constdata)
    OSTaskProfileEn                          0x080037b6   Data           2  os_dbg.o(.constdata)
    OSTaskMax                                0x080037b8   Data           2  os_dbg.o(.constdata)
    OSTaskNameEn                             0x080037ba   Data           2  os_dbg.o(.constdata)
    OSTaskStatEn                             0x080037bc   Data           2  os_dbg.o(.constdata)
    OSTaskStatStkSize                        0x080037be   Data           2  os_dbg.o(.constdata)
    OSTaskStatStkChkEn                       0x080037c0   Data           2  os_dbg.o(.constdata)
    OSTaskSwHookEn                           0x080037c2   Data           2  os_dbg.o(.constdata)
    OSTaskRegTblSize                         0x080037c4   Data           2  os_dbg.o(.constdata)
    OSTCBPrioTblMax                          0x080037c6   Data           2  os_dbg.o(.constdata)
    OSTCBSize                                0x080037c8   Data           2  os_dbg.o(.constdata)
    OSTicksPerSec                            0x080037ca   Data           2  os_dbg.o(.constdata)
    OSTimeTickHookEn                         0x080037cc   Data           2  os_dbg.o(.constdata)
    OSVersionNbr                             0x080037ce   Data           2  os_dbg.o(.constdata)
    OSTmrEn                                  0x080037d0   Data           2  os_dbg.o(.constdata)
    OSTmrCfgMax                              0x080037d2   Data           2  os_dbg.o(.constdata)
    OSTmrCfgNameEn                           0x080037d4   Data           2  os_dbg.o(.constdata)
    OSTmrCfgWheelSize                        0x080037d6   Data           2  os_dbg.o(.constdata)
    OSTmrCfgTicksPerSec                      0x080037d8   Data           2  os_dbg.o(.constdata)
    OSTmrSize                                0x080037da   Data           2  os_dbg.o(.constdata)
    OSTmrTblSize                             0x080037dc   Data           2  os_dbg.o(.constdata)
    OSTmrWheelSize                           0x080037de   Data           2  os_dbg.o(.constdata)
    OSTmrWheelTblSize                        0x080037e0   Data           2  os_dbg.o(.constdata)
    OSDataSize                               0x080037e2   Data           2  os_dbg.o(.constdata)
    Region$$Table$$Base                      0x0800388c   Number         0  anon$$obj.o(Region$$Table)
    Region$$Table$$Limit                     0x080038ac   Number         0  anon$$obj.o(Region$$Table)
    fac_us                                   0x20000000   Data           1  sys.o(.data)
    fac_ms                                   0x20000002   Data           2  sys.o(.data)
    __stdout                                 0x20000004   Data           4  usart.o(.data)
    SystemCoreClock                          0x2000001c   Data           4  system_stm32f10x.o(.data)
    AHBPrescTable                            0x20000020   Data          16  system_stm32f10x.o(.data)
    OSCtxSwCtr                               0x20000030   Data           4  os_core.o(.data)
    OSEventFreeList                          0x20000034   Data           4  os_core.o(.data)
    OSFlagFreeList                           0x20000038   Data           4  os_core.o(.data)
    OSCPUUsage                               0x2000003c   Data           1  os_core.o(.data)
    OSIdleCtrMax                             0x20000040   Data           4  os_core.o(.data)
    OSIdleCtrRun                             0x20000044   Data           4  os_core.o(.data)
    OSStatRdy                                0x20000048   Data           1  os_core.o(.data)
    OSIntNesting                             0x20000049   Data           1  os_core.o(.data)
    OSLockNesting                            0x2000004a   Data           1  os_core.o(.data)
    OSPrioCur                                0x2000004b   Data           1  os_core.o(.data)
    OSPrioHighRdy                            0x2000004c   Data           1  os_core.o(.data)
    OSRdyGrp                                 0x2000004d   Data           1  os_core.o(.data)
    OSRdyTbl                                 0x2000004e   Data           8  os_core.o(.data)
    OSRunning                                0x20000056   Data           1  os_core.o(.data)
    OSTaskCtr                                0x20000057   Data           1  os_core.o(.data)
    OSIdleCtr                                0x20000058   Data           4  os_core.o(.data)
    OSTCBCur                                 0x2000005c   Data           4  os_core.o(.data)
    OSTCBFreeList                            0x20000060   Data           4  os_core.o(.data)
    OSTCBHighRdy                             0x20000064   Data           4  os_core.o(.data)
    OSTCBList                                0x20000068   Data           4  os_core.o(.data)
    OSTickStepState                          0x2000006c   Data           1  os_core.o(.data)
    OSMemFreeList                            0x20000070   Data           4  os_core.o(.data)
    OSQFreeList                              0x20000074   Data           4  os_core.o(.data)
    OSTime                                   0x20000078   Data           4  os_core.o(.data)
    START_TASK_STK                           0x20000080   Data         512  task.o(.bss)
    USART1_TASK_STK                          0x20000280   Data         512  task.o(.bss)
    DHT11_TASK_STK                           0x20000480   Data         512  task.o(.bss)
    OSEventTbl                               0x20000680   Data         384  os_core.o(.bss)
    OSFlagTbl                                0x20000800   Data          80  os_core.o(.bss)
    OSTaskStatStk                            0x20000850   Data         512  os_core.o(.bss)
    OSTaskIdleStk                            0x20000a50   Data         512  os_core.o(.bss)
    OSTCBPrioTbl                             0x20000c50   Data         256  os_core.o(.bss)
    OSTCBTbl                                 0x20000d50   Data        1936  os_core.o(.bss)
    OSMemTbl                                 0x200014e0   Data         120  os_core.o(.bss)
    OSQTbl                                   0x20001558   Data          96  os_core.o(.bss)
    __libspace_start                         0x200015b8   Data          96  libspace.o(.bss)
    __temporary_stack_top$libspace           0x20001618   Data           0  libspace.o(.bss)



==============================================================================

Memory Map of the image

  Image Entry point : 0x08000131

  Load Region LR_IROM1 (Base: 0x08000000, Size: 0x00003944, Max: 0x00080000, ABSOLUTE)

    Execution Region ER_IROM1 (Base: 0x08000000, Size: 0x000038c8, Max: 0x00080000, ABSOLUTE)

    Base Addr    Size         Type   Attr      Idx    E Section Name        Object

    0x08000000   0x00000130   Data   RO         3369    RESET               startup_stm32f10x_hd.o
    0x08000130   0x00000008   Code   RO         4225  * !!!main             c_w.l(__main.o)
    0x08000138   0x00000034   Code   RO         4465    !!!scatter          c_w.l(__scatter.o)
    0x0800016c   0x0000001a   Code   RO         4467    !!handler_copy      c_w.l(__scatter_copy.o)
    0x08000186   0x00000002   PAD
    0x08000188   0x0000001c   Code   RO         4469    !!handler_zi        c_w.l(__scatter_zi.o)
    0x080001a4   0x00000000   Code   RO         4222    .ARM.Collect$$_printf_percent$$00000000  c_w.l(_printf_percent.o)
    0x080001a4   0x00000006   Code   RO         4221    .ARM.Collect$$_printf_percent$$00000003  c_w.l(_printf_f.o)
    0x080001aa   0x00000006   Code   RO         4220    .ARM.Collect$$_printf_percent$$00000009  c_w.l(_printf_d.o)
    0x080001b0   0x00000004   Code   RO         4254    .ARM.Collect$$_printf_percent$$00000017  c_w.l(_printf_percent_end.o)
    0x080001b4   0x00000002   Code   RO         4342    .ARM.Collect$$libinit$$00000000  c_w.l(libinit.o)
    0x080001b6   0x00000000   Code   RO         4344    .ARM.Collect$$libinit$$00000002  c_w.l(libinit2.o)
    0x080001b6   0x00000000   Code   RO         4346    .ARM.Collect$$libinit$$00000004  c_w.l(libinit2.o)
    0x080001b6   0x00000000   Code   RO         4349    .ARM.Collect$$libinit$$0000000A  c_w.l(libinit2.o)
    0x080001b6   0x00000000   Code   RO         4351    .ARM.Collect$$libinit$$0000000C  c_w.l(libinit2.o)
    0x080001b6   0x00000000   Code   RO         4353    .ARM.Collect$$libinit$$0000000E  c_w.l(libinit2.o)
    0x080001b6   0x00000006   Code   RO         4354    .ARM.Collect$$libinit$$0000000F  c_w.l(libinit2.o)
    0x080001bc   0x00000000   Code   RO         4356    .ARM.Collect$$libinit$$00000011  c_w.l(libinit2.o)
    0x080001bc   0x00000000   Code   RO         4358    .ARM.Collect$$libinit$$00000013  c_w.l(libinit2.o)
    0x080001bc   0x00000000   Code   RO         4360    .ARM.Collect$$libinit$$00000015  c_w.l(libinit2.o)
    0x080001bc   0x0000000a   Code   RO         4361    .ARM.Collect$$libinit$$00000016  c_w.l(libinit2.o)
    0x080001c6   0x00000000   Code   RO         4362    .ARM.Collect$$libinit$$00000017  c_w.l(libinit2.o)
    0x080001c6   0x00000000   Code   RO         4364    .ARM.Collect$$libinit$$00000019  c_w.l(libinit2.o)
    0x080001c6   0x00000000   Code   RO         4366    .ARM.Collect$$libinit$$0000001B  c_w.l(libinit2.o)
    0x080001c6   0x00000000   Code   RO         4368    .ARM.Collect$$libinit$$0000001D  c_w.l(libinit2.o)
    0x080001c6   0x00000000   Code   RO         4370    .ARM.Collect$$libinit$$0000001F  c_w.l(libinit2.o)
    0x080001c6   0x00000000   Code   RO         4372    .ARM.Collect$$libinit$$00000021  c_w.l(libinit2.o)
    0x080001c6   0x00000000   Code   RO         4374    .ARM.Collect$$libinit$$00000023  c_w.l(libinit2.o)
    0x080001c6   0x00000000   Code   RO         4376    .ARM.Collect$$libinit$$00000025  c_w.l(libinit2.o)
    0x080001c6   0x00000000   Code   RO         4380    .ARM.Collect$$libinit$$0000002C  c_w.l(libinit2.o)
    0x080001c6   0x00000000   Code   RO         4382    .ARM.Collect$$libinit$$0000002E  c_w.l(libinit2.o)
    0x080001c6   0x00000000   Code   RO         4384    .ARM.Collect$$libinit$$00000030  c_w.l(libinit2.o)
    0x080001c6   0x00000000   Code   RO         4386    .ARM.Collect$$libinit$$00000032  c_w.l(libinit2.o)
    0x080001c6   0x00000002   Code   RO         4387    .ARM.Collect$$libinit$$00000033  c_w.l(libinit2.o)
    0x080001c8   0x00000002   Code   RO         4415    .ARM.Collect$$libshutdown$$00000000  c_w.l(libshutdown.o)
    0x080001ca   0x00000000   Code   RO         4424    .ARM.Collect$$libshutdown$$00000002  c_w.l(libshutdown2.o)
    0x080001ca   0x00000000   Code   RO         4426    .ARM.Collect$$libshutdown$$00000004  c_w.l(libshutdown2.o)
    0x080001ca   0x00000000   Code   RO         4429    .ARM.Collect$$libshutdown$$00000007  c_w.l(libshutdown2.o)
    0x080001ca   0x00000000   Code   RO         4432    .ARM.Collect$$libshutdown$$0000000A  c_w.l(libshutdown2.o)
    0x080001ca   0x00000000   Code   RO         4434    .ARM.Collect$$libshutdown$$0000000C  c_w.l(libshutdown2.o)
    0x080001ca   0x00000000   Code   RO         4437    .ARM.Collect$$libshutdown$$0000000F  c_w.l(libshutdown2.o)
    0x080001ca   0x00000002   Code   RO         4438    .ARM.Collect$$libshutdown$$00000010  c_w.l(libshutdown2.o)
    0x080001cc   0x00000000   Code   RO         4247    .ARM.Collect$$rtentry$$00000000  c_w.l(__rtentry.o)
    0x080001cc   0x00000000   Code   RO         4265    .ARM.Collect$$rtentry$$00000002  c_w.l(__rtentry2.o)
    0x080001cc   0x00000006   Code   RO         4277    .ARM.Collect$$rtentry$$00000004  c_w.l(__rtentry4.o)
    0x080001d2   0x00000000   Code   RO         4267    .ARM.Collect$$rtentry$$00000009  c_w.l(__rtentry2.o)
    0x080001d2   0x00000004   Code   RO         4268    .ARM.Collect$$rtentry$$0000000A  c_w.l(__rtentry2.o)
    0x080001d6   0x00000000   Code   RO         4270    .ARM.Collect$$rtentry$$0000000C  c_w.l(__rtentry2.o)
    0x080001d6   0x00000008   Code   RO         4271    .ARM.Collect$$rtentry$$0000000D  c_w.l(__rtentry2.o)
    0x080001de   0x00000002   Code   RO         4388    .ARM.Collect$$rtexit$$00000000  c_w.l(rtexit.o)
    0x080001e0   0x00000000   Code   RO         4395    .ARM.Collect$$rtexit$$00000002  c_w.l(rtexit2.o)
    0x080001e0   0x00000004   Code   RO         4396    .ARM.Collect$$rtexit$$00000003  c_w.l(rtexit2.o)
    0x080001e4   0x00000006   Code   RO         4397    .ARM.Collect$$rtexit$$00000004  c_w.l(rtexit2.o)
    0x080001ea   0x00000002   PAD
    0x080001ec   0x00000040   Code   RO         3370    .text               startup_stm32f10x_hd.o
    0x0800022c   0x000000a8   Code   RO         4091    .text               os_cpu_a.o
    0x080002d4   0x00000002   Code   RO         4190    .text               c_w.l(use_no_semi_2.o)
    0x080002d6   0x00000002   PAD
    0x080002d8   0x00000018   Code   RO         4194    .text               c_w.l(noretval__2printf.o)
    0x080002f0   0x00000078   Code   RO         4198    .text               c_w.l(_printf_dec.o)
    0x08000368   0x00000138   Code   RO         4212    .text               c_w.l(__printf_flags_wp.o)
    0x080004a0   0x00000006   Code   RO         4223    .text               c_w.l(heapauxi.o)
    0x080004a6   0x00000002   Code   RO         4245    .text               c_w.l(use_no_semi.o)
    0x080004a8   0x000000b2   Code   RO         4248    .text               c_w.l(_printf_intcommon.o)
    0x0800055a   0x0000041e   Code   RO         4250    .text               c_w.l(_printf_fp_dec.o)
    0x08000978   0x00000024   Code   RO         4252    .text               c_w.l(_printf_char_file.o)
    0x0800099c   0x00000008   Code   RO         4282    .text               c_w.l(rt_locale_intlibspace.o)
    0x080009a4   0x0000008a   Code   RO         4284    .text               c_w.l(lludiv10.o)
    0x08000a2e   0x00000002   PAD
    0x08000a30   0x00000030   Code   RO         4286    .text               c_w.l(_printf_char_common.o)
    0x08000a60   0x00000080   Code   RO         4288    .text               c_w.l(_printf_fp_infnan.o)
    0x08000ae0   0x000000e4   Code   RO         4290    .text               c_w.l(bigflt0.o)
    0x08000bc4   0x00000008   Code   RO         4315    .text               c_w.l(ferror.o)
    0x08000bcc   0x00000008   Code   RO         4326    .text               c_w.l(libspace.o)
    0x08000bd4   0x0000004a   Code   RO         4329    .text               c_w.l(sys_stackheap_outer.o)
    0x08000c1e   0x00000012   Code   RO         4333    .text               c_w.l(exit.o)
    0x08000c30   0x00000080   Code   RO         4335    .text               c_w.l(strcmpv7m.o)
    0x08000cb0   0x0000003e   Code   RO         4293    CL$$btod_d2e        c_w.l(btod.o)
    0x08000cee   0x00000046   Code   RO         4295    CL$$btod_d2e_denorm_low  c_w.l(btod.o)
    0x08000d34   0x00000060   Code   RO         4294    CL$$btod_d2e_norm_op1  c_w.l(btod.o)
    0x08000d94   0x00000338   Code   RO         4303    CL$$btod_div_common  c_w.l(btod.o)
    0x080010cc   0x000000dc   Code   RO         4300    CL$$btod_e2e        c_w.l(btod.o)
    0x080011a8   0x0000002a   Code   RO         4297    CL$$btod_ediv       c_w.l(btod.o)
    0x080011d2   0x0000002a   Code   RO         4296    CL$$btod_emul       c_w.l(btod.o)
    0x080011fc   0x00000244   Code   RO         4302    CL$$btod_mult_common  c_w.l(btod.o)
    0x08001440   0x00000004   Code   RO          291    i.BusFault_Handler  stm32f10x_it.o
    0x08001444   0x0000005c   Code   RO          179    i.DHT11_Check       dht11.o
    0x080014a0   0x0000002c   Code   RO          180    i.DHT11_GPIO_IN     dht11.o
    0x080014cc   0x0000002c   Code   RO          181    i.DHT11_GPIO_OUT    dht11.o
    0x080014f8   0x00000060   Code   RO          182    i.DHT11_Read_Bit    dht11.o
    0x08001558   0x00000022   Code   RO          183    i.DHT11_Read_Byte   dht11.o
    0x0800157a   0x00000002   PAD
    0x0800157c   0x000000c8   Code   RO          184    i.DHT11_Read_Data   dht11.o
    0x08001644   0x00000038   Code   RO          185    i.DHT11_Reset       dht11.o
    0x0800167c   0x00000002   Code   RO          292    i.DebugMon_Handler  stm32f10x_it.o
    0x0800167e   0x00000002   PAD
    0x08001680   0x00000048   Code   RO          226    i.Delay1ms          delay.o
    0x080016c8   0x00000048   Code   RO          227    i.Delay1us          delay.o
    0x08001710   0x0000001c   Code   RO          293    i.EXTI4_IRQHandler  stm32f10x_it.o
    0x0800172c   0x0000000c   Code   RO         1338    i.EXTI_ClearITPendingBit  stm32f10x_exti.o
    0x08001738   0x00000028   Code   RO         1342    i.EXTI_GetITStatus  stm32f10x_exti.o
    0x08001760   0x00000116   Code   RO         1517    i.GPIO_Init         stm32f10x_gpio.o
    0x08001876   0x00000012   Code   RO         1521    i.GPIO_ReadInputDataBit  stm32f10x_gpio.o
    0x08001888   0x00000004   Code   RO         1524    i.GPIO_ResetBits    stm32f10x_gpio.o
    0x0800188c   0x00000004   Code   RO         1525    i.GPIO_SetBits      stm32f10x_gpio.o
    0x08001890   0x00000004   Code   RO          294    i.HardFault_Handler  stm32f10x_it.o
    0x08001894   0x00000004   Code   RO          295    i.MemManage_Handler  stm32f10x_it.o
    0x08001898   0x00000002   Code   RO          296    i.NMI_Handler       stm32f10x_it.o
    0x0800189a   0x00000002   PAD
    0x0800189c   0x00000014   Code   RO          367    i.NVIC_PriorityGroupConfig  misc.o
    0x080018b0   0x00000118   Code   RO         4173    i.OSDebugInit       os_dbg.o
    0x080019c8   0x00000034   Code   RO         3388    i.OSInit            os_core.o
    0x080019fc   0x00000002   Code   RO         4094    i.OSInitHookBegin   os_cpu_c.o
    0x080019fe   0x00000002   Code   RO         4095    i.OSInitHookEnd     os_cpu_c.o
    0x08001a00   0x00000024   Code   RO         3389    i.OSIntEnter        os_core.o
    0x08001a24   0x00000090   Code   RO         3390    i.OSIntExit         os_core.o
    0x08001ab4   0x00000048   Code   RO         3393    i.OSStart           os_core.o
    0x08001afc   0x0000004c   Code   RO         3394    i.OSStatInit        os_core.o
    0x08001b48   0x00000002   Code   RO         4096    i.OSTCBInitHook     os_cpu_c.o
    0x08001b4a   0x00000002   PAD
    0x08001b4c   0x000000a8   Code   RO         3954    i.OSTaskCreate      os_task.o
    0x08001bf4   0x000000c0   Code   RO         3955    i.OSTaskCreateExt   os_task.o
    0x08001cb4   0x00000002   Code   RO         4097    i.OSTaskCreateHook  os_cpu_c.o
    0x08001cb6   0x00000002   PAD
    0x08001cb8   0x0000016c   Code   RO         3956    i.OSTaskDel         os_task.o
    0x08001e24   0x00000002   Code   RO         4098    i.OSTaskDelHook     os_cpu_c.o
    0x08001e26   0x00000002   PAD
    0x08001e28   0x00000078   Code   RO         3957    i.OSTaskDelReq      os_task.o
    0x08001ea0   0x00000002   Code   RO         4099    i.OSTaskIdleHook    os_cpu_c.o
    0x08001ea2   0x00000002   PAD
    0x08001ea4   0x00000084   Code   RO         3959    i.OSTaskNameSet     os_task.o
    0x08001f28   0x00000002   Code   RO         4101    i.OSTaskStatHook    os_cpu_c.o
    0x08001f2a   0x00000002   PAD
    0x08001f2c   0x000000a0   Code   RO         3964    i.OSTaskStkChk      os_task.o
    0x08001fcc   0x0000009a   Code   RO         4102    i.OSTaskStkInit     os_cpu_c.o
    0x08002066   0x00000002   PAD
    0x08002068   0x000000bc   Code   RO         3965    i.OSTaskSuspend     os_task.o
    0x08002124   0x00000002   Code   RO         4103    i.OSTaskSwHook      os_cpu_c.o
    0x08002126   0x00000002   PAD
    0x08002128   0x00000078   Code   RO         4049    i.OSTimeDly         os_time.o
    0x080021a0   0x000000ec   Code   RO         3395    i.OSTimeTick        os_core.o
    0x0800228c   0x00000002   Code   RO         4104    i.OSTimeTickHook    os_cpu_c.o
    0x0800228e   0x00000002   Code   RO         3397    i.OS_Dummy          os_core.o
    0x08002290   0x0000002a   Code   RO         3399    i.OS_EventTaskRemove  os_core.o
    0x080022ba   0x0000003a   Code   RO         3400    i.OS_EventTaskRemoveMulti  os_core.o
    0x080022f4   0x00000058   Code   RO         3606    i.OS_FlagInit       os_flag.o
    0x0800234c   0x00000024   Code   RO         3608    i.OS_FlagUnlink     os_flag.o
    0x08002370   0x00000060   Code   RO         3404    i.OS_InitEventList  os_core.o
    0x080023d0   0x00000054   Code   RO         3405    i.OS_InitMisc       os_core.o
    0x08002424   0x00000044   Code   RO         3406    i.OS_InitRdyList    os_core.o
    0x08002468   0x00000080   Code   RO         3407    i.OS_InitTCBList    os_core.o
    0x080024e8   0x00000050   Code   RO         3408    i.OS_InitTaskIdle   os_core.o
    0x08002538   0x00000050   Code   RO         3409    i.OS_InitTaskStat   os_core.o
    0x08002588   0x00000012   Code   RO         3410    i.OS_MemClr         os_core.o
    0x0800259a   0x00000002   PAD
    0x0800259c   0x00000058   Code   RO         3738    i.OS_MemInit        os_mem.o
    0x080025f4   0x00000050   Code   RO         3837    i.OS_QInit          os_q.o
    0x08002644   0x00000074   Code   RO         3412    i.OS_Sched          os_core.o
    0x080026b8   0x0000002c   Code   RO         3413    i.OS_SchedNew       os_core.o
    0x080026e4   0x00000134   Code   RO         3415    i.OS_TCBInit        os_core.o
    0x08002818   0x00000028   Code   RO         3416    i.OS_TaskIdle       os_core.o
    0x08002840   0x00000088   Code   RO         3417    i.OS_TaskStat       os_core.o
    0x080028c8   0x0000003c   Code   RO         3418    i.OS_TaskStatStkChk  os_core.o
    0x08002904   0x0000001a   Code   RO         3967    i.OS_TaskStkClr     os_task.o
    0x0800291e   0x00000002   PAD
    0x08002920   0x00000020   Code   RO         1935    i.RCC_APB2PeriphClockCmd  stm32f10x_rcc.o
    0x08002940   0x000000d4   Code   RO         1943    i.RCC_GetClocksFreq  stm32f10x_rcc.o
    0x08002a14   0x00000002   Code   RO          297    i.SVC_Handler       stm32f10x_it.o
    0x08002a16   0x00000008   Code   RO         3333    i.SetSysClock       system_stm32f10x.o
    0x08002a1e   0x00000002   PAD
    0x08002a20   0x000000e0   Code   RO         3334    i.SetSysClockTo72   system_stm32f10x.o
    0x08002b00   0x00000010   Code   RO          298    i.SysTick_Handler   stm32f10x_it.o
    0x08002b10   0x00000060   Code   RO         3336    i.SystemInit        system_stm32f10x.o
    0x08002b70   0x00000060   Code   RO          245    i.Systick_Init      sys.o
    0x08002bd0   0x00000020   Code   RO          299    i.TIM2_IRQHandler   stm32f10x_it.o
    0x08002bf0   0x00000024   Code   RO          300    i.TIM4_IRQHandler   stm32f10x_it.o
    0x08002c14   0x00000006   Code   RO         2562    i.TIM_ClearITPendingBit  stm32f10x_tim.o
    0x08002c1a   0x00000022   Code   RO         2588    i.TIM_GetITStatus   stm32f10x_tim.o
    0x08002c3c   0x00000090   Code   RO          260    i.USART1_Configuration  usart.o
    0x08002ccc   0x00000018   Code   RO         3103    i.USART_Cmd         stm32f10x_usart.o
    0x08002ce4   0x0000001a   Code   RO         3106    i.USART_GetFlagStatus  stm32f10x_usart.o
    0x08002cfe   0x00000002   PAD
    0x08002d00   0x000000d8   Code   RO         3110    i.USART_Init        stm32f10x_usart.o
    0x08002dd8   0x00000008   Code   RO         3120    i.USART_SendData    stm32f10x_usart.o
    0x08002de0   0x00000004   Code   RO          301    i.UsageFault_Handler  stm32f10x_it.o
    0x08002de4   0x00000028   Code   RO         4324    i.__ARM_fpclassify  m_ws.l(fpclassify.o)
    0x08002e0c   0x0000000e   Code   RO         4210    i._is_digit         c_w.l(__printf_wp.o)
    0x08002e1a   0x00000004   Code   RO          261    i._sys_exit         usart.o
    0x08002e1e   0x00000002   PAD
    0x08002e20   0x000000bc   Code   RO          149    i.dht11_task        task.o
    0x08002edc   0x00000024   Code   RO          262    i.fputc             usart.o
    0x08002f00   0x00000034   Code   RO            1    i.main              main.o
    0x08002f34   0x000000ac   Code   RO          150    i.start_task        task.o
    0x08002fe0   0x00000034   Code   RO          151    i.usart1_task       task.o
    0x08003014   0x0000002c   Code   RO         4320    locale$$code        c_w.l(lc_numeric_c.o)
    0x08003040   0x00000062   Code   RO         4227    x$fpl$d2f           fz_ws.l(d2f.o)
    0x080030a2   0x00000002   PAD
    0x080030a4   0x000002b0   Code   RO         4230    x$fpl$ddiv          fz_ws.l(ddiv.o)
    0x08003354   0x0000002e   Code   RO         4234    x$fpl$dflt          fz_ws.l(dflt_clz.o)
    0x08003382   0x00000002   PAD
    0x08003384   0x00000154   Code   RO         4239    x$fpl$dmul          fz_ws.l(dmul.o)
    0x080034d8   0x0000009c   Code   RO         4255    x$fpl$dnaninf       fz_ws.l(dnaninf.o)
    0x08003574   0x0000000c   Code   RO         4257    x$fpl$dretinf       fz_ws.l(dretinf.o)
    0x08003580   0x00000056   Code   RO         4241    x$fpl$f2d           fz_ws.l(f2d.o)
    0x080035d6   0x0000008c   Code   RO         4259    x$fpl$fnaninf       fz_ws.l(fnaninf.o)
    0x08003662   0x0000000a   Code   RO         4261    x$fpl$fretinf       fz_ws.l(fretinf.o)
    0x0800366c   0x00000004   Code   RO         4243    x$fpl$printf1       fz_ws.l(printf1.o)
    0x08003670   0x00000000   Code   RO         4263    x$fpl$usenofp       fz_ws.l(usenofp.o)
    0x08003670   0x00000100   Data   RO         3420    .constdata          os_core.o
    0x08003770   0x00000074   Data   RO         4174    .constdata          os_dbg.o
    0x080037e4   0x00000011   Data   RO         4213    .constdata          c_w.l(__printf_flags_wp.o)
    0x080037f5   0x00000003   PAD
    0x080037f8   0x00000094   Data   RO         4291    .constdata          c_w.l(bigflt0.o)
    0x0800388c   0x00000020   Data   RO         4463    Region$$Table       anon$$obj.o
    0x080038ac   0x0000001c   Data   RO         4319    locale$$data        c_w.l(lc_numeric_c.o)


    Execution Region RW_IRAM1 (Base: 0x20000000, Size: 0x00002018, Max: 0x00010000, ABSOLUTE)

    Base Addr    Size         Type   Attr      Idx    E Section Name        Object

    0x20000000   0x00000004   Data   RW          246    .data               sys.o
    0x20000004   0x00000004   Data   RW          263    .data               usart.o
    0x20000008   0x00000014   Data   RW         1963    .data               stm32f10x_rcc.o
    0x2000001c   0x00000014   Data   RW         3337    .data               system_stm32f10x.o
    0x20000030   0x0000004c   Data   RW         3421    .data               os_core.o
    0x2000007c   0x00000004   PAD
    0x20000080   0x00000600   Zero   RW          152    .bss                task.o
    0x20000680   0x00000f38   Zero   RW         3419    .bss                os_core.o
    0x200015b8   0x00000060   Zero   RW         4327    .bss                c_w.l(libspace.o)
    0x20001618   0x00000200   Zero   RW         3368    HEAP                startup_stm32f10x_hd.o
    0x20001818   0x00000800   Zero   RW         3367    STACK               startup_stm32f10x_hd.o


==============================================================================

Image component sizes


      Code (inc. data)   RO Data    RW Data    ZI Data      Debug   Object Name

       144         14          0          0          0       1098   delay.o
       566         32          0          0          0       3684   dht11.o
        52         10          0          0          0     259934   main.o
        20         10          0          0          0        475   misc.o
      1976        368        256         76       3896      20047   os_core.o
       168         36          0          0          0        308   os_cpu_a.o
       172          0          0          0          0      13306   os_cpu_c.o
       280        184        116          0          0       3334   os_dbg.o
       124         14          0          0          0       1150   os_flag.o
        88         14          0          0          0        509   os_mem.o
        80          8          0          0          0        539   os_q.o
      1350        118          0          0          0       6971   os_task.o
       120         20          0          0          0        604   os_time.o
        64         26        304          0       2560        828   startup_stm32f10x_hd.o
        52         12          0          0          0       1048   stm32f10x_exti.o
       304          0          0          0          0       3436   stm32f10x_gpio.o
       134          4          0          0          0       4852   stm32f10x_it.o
       244         26          0         20          0       3697   stm32f10x_rcc.o
        40          0          0          0          0       1614   stm32f10x_tim.o
       274          6          0          0          0       3792   stm32f10x_usart.o
        96         18          0          4          0        671   sys.o
       328         28          0         20          0       2165   system_stm32f10x.o
       412        218          0          0       1536       2272   task.o
       184         14          0          4          0       3429   usart.o

    ----------------------------------------------------------------------
      7302       1180        708        124       7996     339763   Object Totals
         0          0         32          0          0          0   (incl. Generated)
        30          0          0          0          4          0   (incl. Padding)

    ----------------------------------------------------------------------

      Code (inc. data)   RO Data    RW Data    ZI Data      Debug   Library Member Name

         8          0          0          0          0         68   __main.o
       312          4         17          0          0         92   __printf_flags_wp.o
        14          0          0          0          0         68   __printf_wp.o
         0          0          0          0          0          0   __rtentry.o
        12          0          0          0          0          0   __rtentry2.o
         6          0          0          0          0          0   __rtentry4.o
        52          8          0          0          0          0   __scatter.o
        26          0          0          0          0          0   __scatter_copy.o
        28          0          0          0          0          0   __scatter_zi.o
        48          6          0          0          0         96   _printf_char_common.o
        36          4          0          0          0         80   _printf_char_file.o
         6          0          0          0          0          0   _printf_d.o
       120         16          0          0          0         92   _printf_dec.o
         6          0          0          0          0          0   _printf_f.o
      1054          0          0          0          0        216   _printf_fp_dec.o
       128         16          0          0          0         84   _printf_fp_infnan.o
       178          0          0          0          0         88   _printf_intcommon.o
         0          0          0          0          0          0   _printf_percent.o
         4          0          0          0          0          0   _printf_percent_end.o
       228          4        148          0          0         96   bigflt0.o
      1936        128          0          0          0        672   btod.o
        18          0          0          0          0         80   exit.o
         8          0          0          0          0         68   ferror.o
         6          0          0          0          0        152   heapauxi.o
        44         10         28          0          0         76   lc_numeric_c.o
         2          0          0          0          0          0   libinit.o
        18          0          0          0          0          0   libinit2.o
         2          0          0          0          0          0   libshutdown.o
         2          0          0          0          0          0   libshutdown2.o
         8          4          0          0         96         68   libspace.o
       138          0          0          0          0         80   lludiv10.o
        24          4          0          0          0         84   noretval__2printf.o
         8          4          0          0          0         68   rt_locale_intlibspace.o
         2          0          0          0          0          0   rtexit.o
        10          0          0          0          0          0   rtexit2.o
       128          0          0          0          0         68   strcmpv7m.o
        74          0          0          0          0         80   sys_stackheap_outer.o
         2          0          0          0          0         68   use_no_semi.o
         2          0          0          0          0         68   use_no_semi_2.o
        98          4          0          0          0         92   d2f.o
       688        140          0          0          0        208   ddiv.o
        46          0          0          0          0         68   dflt_clz.o
       340         12          0          0          0        104   dmul.o
       156          4          0          0          0         92   dnaninf.o
        12          0          0          0          0         68   dretinf.o
        86          4          0          0          0         84   f2d.o
       140          4          0          0          0         84   fnaninf.o
        10          0          0          0          0         68   fretinf.o
         4          0          0          0          0         68   printf1.o
         0          0          0          0          0          0   usenofp.o
        40          0          0          0          0         68   fpclassify.o

    ----------------------------------------------------------------------
      6330        376        196          0         96       3616   Library Totals
        12          0          3          0          0          0   (incl. Padding)

    ----------------------------------------------------------------------

      Code (inc. data)   RO Data    RW Data    ZI Data      Debug   Library Name

      4698        208        193          0         96       2612   c_w.l
      1580        168          0          0          0        936   fz_ws.l
        40          0          0          0          0         68   m_ws.l

    ----------------------------------------------------------------------
      6330        376        196          0         96       3616   Library Totals

    ----------------------------------------------------------------------

==============================================================================


      Code (inc. data)   RO Data    RW Data    ZI Data      Debug   

     13632       1556        904        124       8092     336875   Grand Totals
     13632       1556        904        124       8092     336875   ELF Image Totals
     13632       1556        904        124          0          0   ROM Totals

==============================================================================

    Total RO  Size (Code + RO Data)                14536 (  14.20kB)
    Total RW  Size (RW Data + ZI Data)              8216 (   8.02kB)
    Total ROM Size (Code + RO Data + RW Data)      14660 (  14.32kB)

==============================================================================

